Archive member included to satisfy reference by file (symbol)

C:/CodeBlocks/avr-gcc/bin/../lib/gcc/avr/13.2.0/avr5\libgcc.a(_exit.o)
                              C:/CodeBlocks/avr-gcc/bin/../lib/gcc/avr/13.2.0/../../../../avr/lib/avr5/crtatmega644.o (exit)
C:/CodeBlocks/avr-gcc/bin/../lib/gcc/avr/13.2.0/../../../../avr/lib/avr5\libc.a(strtok.o)
                              obj\kernel\vfs.o (symbol from plugin) (strtok)
C:/CodeBlocks/avr-gcc/bin/../lib/gcc/avr/13.2.0/../../../../avr/lib/avr5\libc.a(strtok_r.o)
                              C:/CodeBlocks/avr-gcc/bin/../lib/gcc/avr/13.2.0/../../../../avr/lib/avr5\libc.a(strtok.o) (strtok_r)
C:/CodeBlocks/avr-gcc/bin/../lib/gcc/avr/13.2.0/avr5\libgcc.a(_clear_bss.o)
                              C:/CodeBlocks/avr-gcc/bin/../lib/gcc/avr/13.2.0/../../../../avr/lib/avr5\libc.a(strtok.o) (__do_clear_bss)
C:/CodeBlocks/avr-gcc/bin/../lib/gcc/avr/13.2.0/avr5\libgcc.a(_mulsi3.o)
                              C:\Users\SNIPER~1\AppData\Local\Temp\cc0fi169.ltrans0.ltrans.o (__mulsi3)
C:/CodeBlocks/avr-gcc/bin/../lib/gcc/avr/13.2.0/avr5\libgcc.a(_udivmodqi4.o)
                              C:\Users\SNIPER~1\AppData\Local\Temp\cc0fi169.ltrans0.ltrans.o (__udivmodqi4)
C:/CodeBlocks/avr-gcc/bin/../lib/gcc/avr/13.2.0/avr5\libgcc.a(_udivmodsi4.o)
                              C:\Users\SNIPER~1\AppData\Local\Temp\cc0fi169.ltrans0.ltrans.o (__udivmodsi4)
C:/CodeBlocks/avr-gcc/bin/../lib/gcc/avr/13.2.0/avr5\libgcc.a(_tablejump2.o)
                              C:\Users\SNIPER~1\AppData\Local\Temp\cc0fi169.ltrans0.ltrans.o (__tablejump2__)
C:/CodeBlocks/avr-gcc/bin/../lib/gcc/avr/13.2.0/avr5\libgcc.a(_copy_data.o)
                              C:\Users\SNIPER~1\AppData\Local\Temp\cc0fi169.ltrans0.ltrans.o (__do_copy_data)
C:/CodeBlocks/avr-gcc/bin/../lib/gcc/avr/13.2.0/avr5\libgcc.a(_muluhisi3.o)
                              C:/CodeBlocks/avr-gcc/bin/../lib/gcc/avr/13.2.0/avr5\libgcc.a(_mulsi3.o) (__muluhisi3)
C:/CodeBlocks/avr-gcc/bin/../lib/gcc/avr/13.2.0/avr5\libgcc.a(_adddi3_s8.o)
                              C:\Users\SNIPER~1\AppData\Local\Temp\cc0fi169.ltrans0.ltrans.o (__adddi3_s8)
C:/CodeBlocks/avr-gcc/bin/../lib/gcc/avr/13.2.0/avr5\libgcc.a(_umulhisi3.o)
                              C:/CodeBlocks/avr-gcc/bin/../lib/gcc/avr/13.2.0/avr5\libgcc.a(_muluhisi3.o) (__umulhisi3)
C:/CodeBlocks/avr-gcc/bin/../lib/gcc/avr/13.2.0/../../../../avr/lib/avr5\libm.a(addsf3.o)
                              C:\Users\SNIPER~1\AppData\Local\Temp\cc0fi169.ltrans0.ltrans.o (__addsf3)
C:/CodeBlocks/avr-gcc/bin/../lib/gcc/avr/13.2.0/../../../../avr/lib/avr5\libm.a(addsf3x.o)
                              C:/CodeBlocks/avr-gcc/bin/../lib/gcc/avr/13.2.0/../../../../avr/lib/avr5\libm.a(addsf3.o) (__addsf3x)
C:/CodeBlocks/avr-gcc/bin/../lib/gcc/avr/13.2.0/../../../../avr/lib/avr5\libm.a(fp_inf.o)
                              C:/CodeBlocks/avr-gcc/bin/../lib/gcc/avr/13.2.0/../../../../avr/lib/avr5\libm.a(addsf3x.o) (__fp_inf)
C:/CodeBlocks/avr-gcc/bin/../lib/gcc/avr/13.2.0/../../../../avr/lib/avr5\libm.a(fp_nan.o)
                              C:/CodeBlocks/avr-gcc/bin/../lib/gcc/avr/13.2.0/../../../../avr/lib/avr5\libm.a(addsf3x.o) (__fp_nan)
C:/CodeBlocks/avr-gcc/bin/../lib/gcc/avr/13.2.0/../../../../avr/lib/avr5\libm.a(fp_pscA.o)
                              C:/CodeBlocks/avr-gcc/bin/../lib/gcc/avr/13.2.0/../../../../avr/lib/avr5\libm.a(addsf3x.o) (__fp_pscA)
C:/CodeBlocks/avr-gcc/bin/../lib/gcc/avr/13.2.0/../../../../avr/lib/avr5\libm.a(fp_pscB.o)
                              C:/CodeBlocks/avr-gcc/bin/../lib/gcc/avr/13.2.0/../../../../avr/lib/avr5\libm.a(addsf3x.o) (__fp_pscB)
C:/CodeBlocks/avr-gcc/bin/../lib/gcc/avr/13.2.0/../../../../avr/lib/avr5\libm.a(fp_round.o)
                              C:/CodeBlocks/avr-gcc/bin/../lib/gcc/avr/13.2.0/../../../../avr/lib/avr5\libm.a(addsf3.o) (__fp_round)
C:/CodeBlocks/avr-gcc/bin/../lib/gcc/avr/13.2.0/../../../../avr/lib/avr5\libm.a(fp_split3.o)
                              C:/CodeBlocks/avr-gcc/bin/../lib/gcc/avr/13.2.0/../../../../avr/lib/avr5\libm.a(addsf3x.o) (__fp_split3)
C:/CodeBlocks/avr-gcc/bin/../lib/gcc/avr/13.2.0/../../../../avr/lib/avr5\libm.a(fp_zero.o)
                              C:/CodeBlocks/avr-gcc/bin/../lib/gcc/avr/13.2.0/../../../../avr/lib/avr5\libm.a(addsf3x.o) (__fp_zero)
C:/CodeBlocks/avr-gcc/bin/../lib/gcc/avr/13.2.0/../../../../avr/lib/avr5\libc.a(malloc.o)
                              C:\Users\SNIPER~1\AppData\Local\Temp\cc0fi169.ltrans0.ltrans.o (malloc)
C:/CodeBlocks/avr-gcc/bin/../lib/gcc/avr/13.2.0/../../../../avr/lib/avr5\libc.a(memcpy.o)
                              C:\Users\SNIPER~1\AppData\Local\Temp\cc0fi169.ltrans0.ltrans.o (memcpy)
C:/CodeBlocks/avr-gcc/bin/../lib/gcc/avr/13.2.0/../../../../avr/lib/avr5\libc.a(memset.o)
                              C:\Users\SNIPER~1\AppData\Local\Temp\cc0fi169.ltrans0.ltrans.o (memset)
[...]
Memory Configuration

Name             Origin             Length             Attributes
text             0x00000000         0x00020000         xr
data             0x00800060         0x0000ffa0         rw!x
eeprom           0x00810000         0x00010000         rw!x
fuse             0x00820000         0x00000003         rw!x
lock             0x00830000         0x00000400         rw!x
signature        0x00840000         0x00000400         rw!x
user_signatures  0x00850000         0x00000400         rw!x
*default*        0x00000000         0xffffffff

Linker script and memory map

Address of section .data set to 0x800100
LOAD C:/CodeBlocks/avr-gcc/bin/../lib/gcc/avr/13.2.0/../../../../avr/lib/avr5/crtatmega644.o
LOAD obj\drivers\display\LiquidCrystalDisplayController\main.o
LOAD C:\Users\SNIPER~1\AppData\Local\Temp\cc0fi169.ltrans0.ltrans.o
LOAD obj\drivers\keyboard\PS2\main.o
LOAD obj\kernel\array.o
LOAD obj\kernel\bus\Retroboard_REV2\bus.o
LOAD obj\kernel\command\asm\asm.o
LOAD obj\kernel\command\attrib\attrib.o
LOAD obj\kernel\command\boot\boot.o
LOAD obj\kernel\command\cap\cap.o
LOAD obj\kernel\command\cd\cd.o
LOAD obj\kernel\command\cli.o
LOAD obj\kernel\command\cls\cls.o
LOAD obj\kernel\command\command.o
LOAD obj\kernel\command\copy\copy.o
LOAD obj\kernel\command\edit\edit.o
LOAD obj\kernel\command\environment.o
LOAD obj\kernel\command\format\format.o
LOAD obj\kernel\command\ftp\ftp.o
LOAD obj\kernel\command\graph\graph.o
LOAD obj\kernel\command\ld\ld.o
LOAD obj\kernel\command\list\list.o
LOAD obj\kernel\command\ls\ls.o
LOAD obj\kernel\command\mandelbrot\mandelbrot.o
LOAD obj\kernel\command\mem\mem.o
LOAD obj\kernel\command\mk\mk.o
LOAD obj\kernel\command\mkdir\mkdir.o
LOAD obj\kernel\command\net\net.o
LOAD obj\kernel\command\parse.o
LOAD obj\kernel\command\repair\repair.o
LOAD obj\kernel\command\rm\rm.o
LOAD obj\kernel\command\rn\rn.o
LOAD obj\kernel\command\shell.o
LOAD obj\kernel\command\task\task.o
LOAD obj\kernel\command\test\test.o
LOAD obj\kernel\command\type\type.o
LOAD obj\kernel\cstring.o
LOAD obj\kernel\device\device.o
LOAD obj\kernel\driver\driver.o
LOAD obj\kernel\drivers.o
LOAD obj\kernel\emulation\x4\services.o
LOAD obj\kernel\emulation\x4\utill.o
LOAD obj\kernel\emulation\x4\x4.o
LOAD obj\kernel\fs\basefs\fsAllocate.o
LOAD obj\kernel\fs\basefs\fsAttributes.o
LOAD obj\kernel\fs\basefs\fsDevice.o
LOAD obj\kernel\fs\basefs\fsDirectoryCreate.o
LOAD obj\kernel\fs\basefs\fsDirectoryDelete.o
LOAD obj\kernel\fs\basefs\fsDirectoryExists.o
LOAD obj\kernel\fs\basefs\fsDirectoryIO.o
LOAD obj\kernel\fs\basefs\fsFileCopy.o
LOAD obj\kernel\fs\basefs\fsFileCreate.o
LOAD obj\kernel\fs\basefs\fsFileDelete.o
LOAD obj\kernel\fs\basefs\fsFileExists.o
LOAD obj\kernel\fs\basefs\fsFileFind.o
LOAD obj\kernel\fs\basefs\fsFileFlags.o
LOAD obj\kernel\fs\basefs\fsFileGetName.o
LOAD obj\kernel\fs\basefs\fsFileGetSize.o
LOAD obj\kernel\fs\basefs\fsFileIO.o
LOAD obj\kernel\fs\basefs\fsFormat.o
LOAD obj\kernel\fs\basefs\fsFree.o
LOAD obj\kernel\fs\basefs\fsWorkingDirectory.o
LOAD obj\kernel\fs\basefs\fsWorkingDirectoryFind.o
LOAD obj\kernel\interrupt.o
LOAD obj\kernel\kalloc.o
LOAD obj\kernel\kernel.o
LOAD obj\kernel\kref.o
LOAD obj\kernel\list.o
LOAD obj\kernel\main.o
LOAD obj\kernel\mutex.o
LOAD obj\kernel\network\network.o
LOAD obj\kernel\network\packet.o
LOAD obj\kernel\network\router.o
LOAD obj\kernel\network\server.o
LOAD obj\kernel\scheduler.o
LOAD obj\kernel\string.o
LOAD obj\kernel\syscalls\alloc\new.o
LOAD obj\kernel\syscalls\beep\beep.o
LOAD obj\kernel\syscalls\graphics\graphics.o
LOAD obj\kernel\syscalls\print\print.o
LOAD obj\kernel\syscalls\timer\timer.o
LOAD obj\kernel\throw.o
LOAD obj\kernel\version.o
LOAD obj\kernel\vfs.o
LOAD obj\kernel\virtual\virtual.o
LOAD C:/CodeBlocks/avr-gcc/bin/../lib/gcc/avr/13.2.0/avr5\libgcc.a
LOAD C:/CodeBlocks/avr-gcc/bin/../lib/gcc/avr/13.2.0/../../../../avr/lib/avr5\libm.a
START GROUP
LOAD C:/CodeBlocks/avr-gcc/bin/../lib/gcc/avr/13.2.0/avr5\libgcc.a
LOAD C:/CodeBlocks/avr-gcc/bin/../lib/gcc/avr/13.2.0/../../../../avr/lib/avr5\libm.a
LOAD C:/CodeBlocks/avr-gcc/bin/../lib/gcc/avr/13.2.0/../../../../avr/lib/avr5\libc.a
LOAD C:/CodeBlocks/avr-gcc/bin/../lib/gcc/avr/13.2.0/../../../../avr/lib/avr5\libatmega644.a
END GROUP
                0x00020000                        __TEXT_REGION_LENGTH__ = DEFINED (__TEXT_REGION_LENGTH__)?__TEXT_REGION_LENGTH__:0x20000
                0x00800060                        __DATA_REGION_ORIGIN__ = DEFINED (__DATA_REGION_ORIGIN__)?__DATA_REGION_ORIGIN__:0x800060
                0x0000ffa0                        __DATA_REGION_LENGTH__ = DEFINED (__DATA_REGION_LENGTH__)?__DATA_REGION_LENGTH__:0xffa0
                0x00010000                        __EEPROM_REGION_LENGTH__ = DEFINED (__EEPROM_REGION_LENGTH__)?__EEPROM_REGION_LENGTH__:0x10000
                [0x00000003]                      __FUSE_REGION_LENGTH__ = DEFINED (__FUSE_REGION_LENGTH__)?__FUSE_REGION_LENGTH__:0x400
                0x00000400                        __LOCK_REGION_LENGTH__ = DEFINED (__LOCK_REGION_LENGTH__)?__LOCK_REGION_LENGTH__:0x400
                0x00000400                        __SIGNATURE_REGION_LENGTH__ = DEFINED (__SIGNATURE_REGION_LENGTH__)?__SIGNATURE_REGION_LENGTH__:0x400
                0x00000400                        __USER_SIGNATURE_REGION_LENGTH__ = DEFINED (__USER_SIGNATURE_REGION_LENGTH__)?__USER_SIGNATURE_REGION_LENGTH__:0x400

.hash
 *(.hash)

.dynsym
 *(.dynsym)

.dynstr
 *(.dynstr)

.gnu.version
 *(.gnu.version)

.gnu.version_d
 *(.gnu.version_d)

.gnu.version_r
 *(.gnu.version_r)

.rel.init
 *(.rel.init)

.rela.init
 *(.rela.init)

.rel.text
 *(.rel.text)
 *(.rel.text.*)
 *(.rel.gnu.linkonce.t*)

.rela.text
 *(.rela.text)
 *(.rela.text.*)
 *(.rela.gnu.linkonce.t*)

.rel.fini
 *(.rel.fini)

.rela.fini
 *(.rela.fini)

.rel.rodata
 *(.rel.rodata)
 *(.rel.rodata.*)
 *(.rel.gnu.linkonce.r*)

.rela.rodata
 *(.rela.rodata)
 *(.rela.rodata.*)
 *(.rela.gnu.linkonce.r*)

.rel.data
 *(.rel.data)
 *(.rel.data.*)
 *(.rel.gnu.linkonce.d*)

.rela.data
 *(.rela.data)
 *(.rela.data.*)
 *(.rela.gnu.linkonce.d*)

.rel.ctors
 *(.rel.ctors)

.rela.ctors
 *(.rela.ctors)

.rel.dtors
 *(.rel.dtors)

.rela.dtors
 *(.rela.dtors)

.rel.got
 *(.rel.got)

.rela.got
 *(.rela.got)

.rel.bss
 *(.rel.bss)

.rela.bss
 *(.rela.bss)

.rel.plt
 *(.rel.plt)

.rela.plt
 *(.rela.plt)

.text           0x00000000     0x696a
 *(.vectors)
 .vectors       0x00000000       0x70 C:/CodeBlocks/avr-gcc/bin/../lib/gcc/avr/13.2.0/../../../../avr/lib/avr5/crtatmega644.o
                0x00000000                __vector_default
                0x00000000                __vectors
 *(.vectors)
 *(.progmem.gcc*)
                0x00000070                        . = ALIGN (0x2)
                0x00000070                        __trampolines_start = .
 *(.trampolines)
 .trampolines   0x00000070        0x0 linker stubs
 *(.trampolines*)
                0x00000070                        __trampolines_end = .
 *libprintf_flt.a:*(.progmem.data)
 *libc.a:*(.progmem.data)
 *(.progmem.*)
                0x00000070                        . = ALIGN (0x2)
 *(.lowtext)
 *(.lowtext*)
                0x00000070                        __ctors_start = .
 *(.ctors)
                0x00000070                        __ctors_end = .
                0x00000070                        __dtors_start = .
 *(.dtors)
                0x00000070                        __dtors_end = .
 SORT_BY_NAME(*)(.ctors)
 SORT_BY_NAME(*)(.dtors)
 *(.init0)
 .init0         0x00000070        0x0 C:/CodeBlocks/avr-gcc/bin/../lib/gcc/avr/13.2.0/../../../../avr/lib/avr5/crtatmega644.o
                0x00000070                __init
 *(.init0)
 *(.init1)
 *(.init1)
 *(.init2)
 .init2         0x00000070        0xc C:/CodeBlocks/avr-gcc/bin/../lib/gcc/avr/13.2.0/../../../../avr/lib/avr5/crtatmega644.o
 *(.init2)
 *(.init3)
 *(.init3)
 *(.init4)
 .init4         0x0000007c       0x16 C:/CodeBlocks/avr-gcc/bin/../lib/gcc/avr/13.2.0/avr5\libgcc.a(_copy_data.o)
                0x0000007c                __do_copy_data
 .init4         0x00000092       0x10 C:/CodeBlocks/avr-gcc/bin/../lib/gcc/avr/13.2.0/avr5\libgcc.a(_clear_bss.o)
                0x00000092                __do_clear_bss
 *(.init4)
 *(.init5)
 *(.init5)
 *(.init6)
 *(.init6)
 *(.init7)
 *(.init7)
 *(.init8)
 *(.init8)
 *(.init9)
 .init9         0x000000a2        0x8 C:/CodeBlocks/avr-gcc/bin/../lib/gcc/avr/13.2.0/../../../../avr/lib/avr5/crtatmega644.o
 *(.init9)
 *(.text)
 .text          0x000000aa        0x4 C:/CodeBlocks/avr-gcc/bin/../lib/gcc/avr/13.2.0/../../../../avr/lib/avr5/crtatmega644.o
                0x000000aa                __vector_22
                0x000000aa                __vector_1
                0x000000aa                __vector_24
                0x000000aa                __vector_12
                0x000000aa                __bad_interrupt
                0x000000aa                __vector_6
                0x000000aa                __vector_23
                0x000000aa                __vector_25
                0x000000aa                __vector_11
                0x000000aa                __vector_17
                0x000000aa                __vector_19
                0x000000aa                __vector_7
                0x000000aa                __vector_27
                0x000000aa                __vector_5
                0x000000aa                __vector_4
                0x000000aa                __vector_2
                0x000000aa                __vector_21
                0x000000aa                __vector_15
                0x000000aa                __vector_8
                0x000000aa                __vector_26
                0x000000aa                __vector_14
                0x000000aa                __vector_10
                0x000000aa                __vector_18
                0x000000aa                __vector_20
 .text          0x000000ae     0x4d5e C:\Users\SNIPER~1\AppData\Local\Temp\cc0fi169.ltrans0.ltrans.o
                0x00004cd4                __vector_16
                0x00004d22                __vector_13
                0x00004d70                __vector_9
                0x00004dbe                __vector_3
 .text          0x00004e0c        0x0 C:/CodeBlocks/avr-gcc/bin/../lib/gcc/avr/13.2.0/avr5\libgcc.a(_exit.o)
 .text          0x00004e0c        0x0 C:/CodeBlocks/avr-gcc/bin/../lib/gcc/avr/13.2.0/avr5\libgcc.a(_mulsi3.o)
 .text          0x00004e0c        0x0 C:/CodeBlocks/avr-gcc/bin/../lib/gcc/avr/13.2.0/avr5\libgcc.a(_udivmodqi4.o)
 .text          0x00004e0c        0x0 C:/CodeBlocks/avr-gcc/bin/../lib/gcc/avr/13.2.0/avr5\libgcc.a(_udivmodsi4.o)
 .text          0x00004e0c        0x0 C:/CodeBlocks/avr-gcc/bin/../lib/gcc/avr/13.2.0/avr5\libgcc.a(_tablejump2.o)
 .text          0x00004e0c        0x0 C:/CodeBlocks/avr-gcc/bin/../lib/gcc/avr/13.2.0/avr5\libgcc.a(_copy_data.o)
 .text          0x00004e0c        0x0 C:/CodeBlocks/avr-gcc/bin/../lib/gcc/avr/13.2.0/avr5\libgcc.a(_muluhisi3.o)
 .text          0x00004e0c        0x0 C:/CodeBlocks/avr-gcc/bin/../lib/gcc/avr/13.2.0/avr5\libgcc.a(_adddi3_s8.o)
 .text          0x00004e0c        0x0 C:/CodeBlocks/avr-gcc/bin/../lib/gcc/avr/13.2.0/avr5\libgcc.a(_umulhisi3.o)
 .text          0x00004e0c        0x0 C:/CodeBlocks/avr-gcc/bin/../lib/gcc/avr/13.2.0/../../../../avr/lib/avr5\libc.a(strtok.o)
 .text          0x00004e0c        0x0 C:/CodeBlocks/avr-gcc/bin/../lib/gcc/avr/13.2.0/../../../../avr/lib/avr5\libc.a(strtok_r.o)
 .text          0x00004e0c        0x0 C:/CodeBlocks/avr-gcc/bin/../lib/gcc/avr/13.2.0/../../../../avr/lib/avr5\libc.a(malloc.o)
 .text          0x00004e0c        0x0 C:/CodeBlocks/avr-gcc/bin/../lib/gcc/avr/13.2.0/../../../../avr/lib/avr5\libc.a(memcpy.o)
 .text          0x00004e0c        0x0 C:/CodeBlocks/avr-gcc/bin/../lib/gcc/avr/13.2.0/../../../../avr/lib/avr5\libc.a(memset.o)
 .text          0x00004e0c        0x0 C:/CodeBlocks/avr-gcc/bin/../lib/gcc/avr/13.2.0/../../../../avr/lib/avr5\libc.a(strncpy.o)
 .text          0x00004e0c        0x0 C:/CodeBlocks/avr-gcc/bin/../lib/gcc/avr/13.2.0/../../../../avr/lib/avr5\libc.a(strrchr.o)
 .text          0x00004e0c        0x0 C:/CodeBlocks/avr-gcc/bin/../lib/gcc/avr/13.2.0/avr5\libgcc.a(_clear_bss.o)
 .text          0x00004e0c        0x0 C:/CodeBlocks/avr-gcc/bin/../lib/gcc/avr/13.2.0/../../../../avr/lib/avr5\libm.a(addsf3.o)
 .text          0x00004e0c        0x0 C:/CodeBlocks/avr-gcc/bin/../lib/gcc/avr/13.2.0/../../../../avr/lib/avr5\libm.a(addsf3x.o)
 .text          0x00004e0c        0x0 C:/CodeBlocks/avr-gcc/bin/../lib/gcc/avr/13.2.0/../../../../avr/lib/avr5\libm.a(fp_inf.o)
 .text          0x00004e0c        0x0 C:/CodeBlocks/avr-gcc/bin/../lib/gcc/avr/13.2.0/../../../../avr/lib/avr5\libm.a(fp_nan.o)
 .text          0x00004e0c        0x0 C:/CodeBlocks/avr-gcc/bin/../lib/gcc/avr/13.2.0/../../../../avr/lib/avr5\libm.a(fp_pscA.o)
 .text          0x00004e0c        0x0 C:/CodeBlocks/avr-gcc/bin/../lib/gcc/avr/13.2.0/../../../../avr/lib/avr5\libm.a(fp_pscB.o)
 .text          0x00004e0c        0x0 C:/CodeBlocks/avr-gcc/bin/../lib/gcc/avr/13.2.0/../../../../avr/lib/avr5\libm.a(fp_round.o)
 .text          0x00004e0c        0x0 C:/CodeBlocks/avr-gcc/bin/../lib/gcc/avr/13.2.0/../../../../avr/lib/avr5\libm.a(fp_split3.o)
 .text          0x00004e0c        0x0 C:/CodeBlocks/avr-gcc/bin/../lib/gcc/avr/13.2.0/../../../../avr/lib/avr5\libm.a(fp_zero.o)
                0x00004e0c                        . = ALIGN (0x2)
 *(.text.*)
 .text.startup  0x00004e0c     0x15ba C:\Users\SNIPER~1\AppData\Local\Temp\cc0fi169.ltrans0.ltrans.o
                0x00004e0c                main
 .text.libgcc.mul
                0x000063c6        0x0 C:/CodeBlocks/avr-gcc/bin/../lib/gcc/avr/13.2.0/avr5\libgcc.a(_exit.o)
 .text.libgcc.div
                0x000063c6        0x0 C:/CodeBlocks/avr-gcc/bin/../lib/gcc/avr/13.2.0/avr5\libgcc.a(_exit.o)
 .text.libgcc   0x000063c6        0x0 C:/CodeBlocks/avr-gcc/bin/../lib/gcc/avr/13.2.0/avr5\libgcc.a(_exit.o)
 .text.libgcc.prologue
                0x000063c6        0x0 C:/CodeBlocks/avr-gcc/bin/../lib/gcc/avr/13.2.0/avr5\libgcc.a(_exit.o)
 .text.libgcc.builtins
                0x000063c6        0x0 C:/CodeBlocks/avr-gcc/bin/../lib/gcc/avr/13.2.0/avr5\libgcc.a(_exit.o)
 .text.libgcc.fmul
                0x000063c6        0x0 C:/CodeBlocks/avr-gcc/bin/../lib/gcc/avr/13.2.0/avr5\libgcc.a(_exit.o)
 .text.libgcc.fixed
                0x000063c6        0x0 C:/CodeBlocks/avr-gcc/bin/../lib/gcc/avr/13.2.0/avr5\libgcc.a(_exit.o)
 .text.libgcc.mul
                0x000063c6       0x20 C:/CodeBlocks/avr-gcc/bin/../lib/gcc/avr/13.2.0/avr5\libgcc.a(_mulsi3.o)
                0x000063c6                __mulsi3
 .text.libgcc.div
                0x000063e6        0x0 C:/CodeBlocks/avr-gcc/bin/../lib/gcc/avr/13.2.0/avr5\libgcc.a(_mulsi3.o)
 .text.libgcc   0x000063e6        0x0 C:/CodeBlocks/avr-gcc/bin/../lib/gcc/avr/13.2.0/avr5\libgcc.a(_mulsi3.o)
 .text.libgcc.prologue
                0x000063e6        0x0 C:/CodeBlocks/avr-gcc/bin/../lib/gcc/avr/13.2.0/avr5\libgcc.a(_mulsi3.o)
 .text.libgcc.builtins
                0x000063e6        0x0 C:/CodeBlocks/avr-gcc/bin/../lib/gcc/avr/13.2.0/avr5\libgcc.a(_mulsi3.o)
 .text.libgcc.fmul
                0x000063e6        0x0 C:/CodeBlocks/avr-gcc/bin/../lib/gcc/avr/13.2.0/avr5\libgcc.a(_mulsi3.o)
 .text.libgcc.fixed
                0x000063e6        0x0 C:/CodeBlocks/avr-gcc/bin/../lib/gcc/avr/13.2.0/avr5\libgcc.a(_mulsi3.o)
 .text.libgcc.mul
                0x000063e6        0x0 C:/CodeBlocks/avr-gcc/bin/../lib/gcc/avr/13.2.0/avr5\libgcc.a(_udivmodqi4.o)
 .text.libgcc.div
                0x000063e6       0x18 C:/CodeBlocks/avr-gcc/bin/../lib/gcc/avr/13.2.0/avr5\libgcc.a(_udivmodqi4.o)
                0x000063e6                __udivmodqi4
 .text.libgcc   0x000063fe        0x0 C:/CodeBlocks/avr-gcc/bin/../lib/gcc/avr/13.2.0/avr5\libgcc.a(_udivmodqi4.o)
 .text.libgcc.prologue
                0x000063fe        0x0 C:/CodeBlocks/avr-gcc/bin/../lib/gcc/avr/13.2.0/avr5\libgcc.a(_udivmodqi4.o)
 .text.libgcc.builtins
                0x000063fe        0x0 C:/CodeBlocks/avr-gcc/bin/../lib/gcc/avr/13.2.0/avr5\libgcc.a(_udivmodqi4.o)
 .text.libgcc.fmul
                0x000063fe        0x0 C:/CodeBlocks/avr-gcc/bin/../lib/gcc/avr/13.2.0/avr5\libgcc.a(_udivmodqi4.o)
 .text.libgcc.fixed
                0x000063fe        0x0 C:/CodeBlocks/avr-gcc/bin/../lib/gcc/avr/13.2.0/avr5\libgcc.a(_udivmodqi4.o)
 .text.libgcc.mul
                0x000063fe        0x0 C:/CodeBlocks/avr-gcc/bin/../lib/gcc/avr/13.2.0/avr5\libgcc.a(_udivmodsi4.o)
 .text.libgcc.div
                0x000063fe       0x44 C:/CodeBlocks/avr-gcc/bin/../lib/gcc/avr/13.2.0/avr5\libgcc.a(_udivmodsi4.o)
                0x000063fe                __udivmodsi4
 .text.libgcc   0x00006442        0x0 C:/CodeBlocks/avr-gcc/bin/../lib/gcc/avr/13.2.0/avr5\libgcc.a(_udivmodsi4.o)
 .text.libgcc.prologue
                0x00006442        0x0 C:/CodeBlocks/avr-gcc/bin/../lib/gcc/avr/13.2.0/avr5\libgcc.a(_udivmodsi4.o)
 .text.libgcc.builtins
                0x00006442        0x0 C:/CodeBlocks/avr-gcc/bin/../lib/gcc/avr/13.2.0/avr5\libgcc.a(_udivmodsi4.o)
 .text.libgcc.fmul
                0x00006442        0x0 C:/CodeBlocks/avr-gcc/bin/../lib/gcc/avr/13.2.0/avr5\libgcc.a(_udivmodsi4.o)
 .text.libgcc.fixed
                0x00006442        0x0 C:/CodeBlocks/avr-gcc/bin/../lib/gcc/avr/13.2.0/avr5\libgcc.a(_udivmodsi4.o)
 .text.libgcc.mul
                0x00006442        0x0 C:/CodeBlocks/avr-gcc/bin/../lib/gcc/avr/13.2.0/avr5\libgcc.a(_tablejump2.o)
 .text.libgcc.div
                0x00006442        0x0 C:/CodeBlocks/avr-gcc/bin/../lib/gcc/avr/13.2.0/avr5\libgcc.a(_tablejump2.o)
 .text.libgcc   0x00006442        0xc C:/CodeBlocks/avr-gcc/bin/../lib/gcc/avr/13.2.0/avr5\libgcc.a(_tablejump2.o)
                0x00006442                __tablejump2__
 .text.libgcc.prologue
                0x0000644e        0x0 C:/CodeBlocks/avr-gcc/bin/../lib/gcc/avr/13.2.0/avr5\libgcc.a(_tablejump2.o)
 .text.libgcc.builtins
                0x0000644e        0x0 C:/CodeBlocks/avr-gcc/bin/../lib/gcc/avr/13.2.0/avr5\libgcc.a(_tablejump2.o)
 .text.libgcc.fmul
                0x0000644e        0x0 C:/CodeBlocks/avr-gcc/bin/../lib/gcc/avr/13.2.0/avr5\libgcc.a(_tablejump2.o)
 .text.libgcc.fixed
                0x0000644e        0x0 C:/CodeBlocks/avr-gcc/bin/../lib/gcc/avr/13.2.0/avr5\libgcc.a(_tablejump2.o)
 .text.libgcc.mul
                0x0000644e        0x0 C:/CodeBlocks/avr-gcc/bin/../lib/gcc/avr/13.2.0/avr5\libgcc.a(_copy_data.o)
 .text.libgcc.div
                0x0000644e        0x0 C:/CodeBlocks/avr-gcc/bin/../lib/gcc/avr/13.2.0/avr5\libgcc.a(_copy_data.o)
 .text.libgcc   0x0000644e        0x0 C:/CodeBlocks/avr-gcc/bin/../lib/gcc/avr/13.2.0/avr5\libgcc.a(_copy_data.o)
 .text.libgcc.prologue
                0x0000644e        0x0 C:/CodeBlocks/avr-gcc/bin/../lib/gcc/avr/13.2.0/avr5\libgcc.a(_copy_data.o)
 .text.libgcc.builtins
                0x0000644e        0x0 C:/CodeBlocks/avr-gcc/bin/../lib/gcc/avr/13.2.0/avr5\libgcc.a(_copy_data.o)
 .text.libgcc.fmul
                0x0000644e        0x0 C:/CodeBlocks/avr-gcc/bin/../lib/gcc/avr/13.2.0/avr5\libgcc.a(_copy_data.o)
 .text.libgcc.fixed
                0x0000644e        0x0 C:/CodeBlocks/avr-gcc/bin/../lib/gcc/avr/13.2.0/avr5\libgcc.a(_copy_data.o)
 .text.libgcc.mul
                0x0000644e       0x16 C:/CodeBlocks/avr-gcc/bin/../lib/gcc/avr/13.2.0/avr5\libgcc.a(_muluhisi3.o)
                0x0000644e                __muluhisi3
 .text.libgcc.div
                0x00006464        0x0 C:/CodeBlocks/avr-gcc/bin/../lib/gcc/avr/13.2.0/avr5\libgcc.a(_muluhisi3.o)
 .text.libgcc   0x00006464        0x0 C:/CodeBlocks/avr-gcc/bin/../lib/gcc/avr/13.2.0/avr5\libgcc.a(_muluhisi3.o)
 .text.libgcc.prologue
                0x00006464        0x0 C:/CodeBlocks/avr-gcc/bin/../lib/gcc/avr/13.2.0/avr5\libgcc.a(_muluhisi3.o)
 .text.libgcc.builtins
                0x00006464        0x0 C:/CodeBlocks/avr-gcc/bin/../lib/gcc/avr/13.2.0/avr5\libgcc.a(_muluhisi3.o)
 .text.libgcc.fmul
                0x00006464        0x0 C:/CodeBlocks/avr-gcc/bin/../lib/gcc/avr/13.2.0/avr5\libgcc.a(_muluhisi3.o)
 .text.libgcc.fixed
                0x00006464        0x0 C:/CodeBlocks/avr-gcc/bin/../lib/gcc/avr/13.2.0/avr5\libgcc.a(_muluhisi3.o)
 .text.libgcc.mul
                0x00006464        0x0 C:/CodeBlocks/avr-gcc/bin/../lib/gcc/avr/13.2.0/avr5\libgcc.a(_adddi3_s8.o)
 .text.libgcc.div
                0x00006464        0x0 C:/CodeBlocks/avr-gcc/bin/../lib/gcc/avr/13.2.0/avr5\libgcc.a(_adddi3_s8.o)
 .text.libgcc   0x00006464       0x18 C:/CodeBlocks/avr-gcc/bin/../lib/gcc/avr/13.2.0/avr5\libgcc.a(_adddi3_s8.o)
                0x00006464                __adddi3_s8
 .text.libgcc.prologue
                0x0000647c        0x0 C:/CodeBlocks/avr-gcc/bin/../lib/gcc/avr/13.2.0/avr5\libgcc.a(_adddi3_s8.o)
 .text.libgcc.builtins
                0x0000647c        0x0 C:/CodeBlocks/avr-gcc/bin/../lib/gcc/avr/13.2.0/avr5\libgcc.a(_adddi3_s8.o)
 .text.libgcc.fmul
                0x0000647c        0x0 C:/CodeBlocks/avr-gcc/bin/../lib/gcc/avr/13.2.0/avr5\libgcc.a(_adddi3_s8.o)
 .text.libgcc.fixed
                0x0000647c        0x0 C:/CodeBlocks/avr-gcc/bin/../lib/gcc/avr/13.2.0/avr5\libgcc.a(_adddi3_s8.o)
 .text.libgcc.mul
                0x0000647c       0x1e C:/CodeBlocks/avr-gcc/bin/../lib/gcc/avr/13.2.0/avr5\libgcc.a(_umulhisi3.o)
                0x0000647c                __umulhisi3
 .text.libgcc.div
                0x0000649a        0x0 C:/CodeBlocks/avr-gcc/bin/../lib/gcc/avr/13.2.0/avr5\libgcc.a(_umulhisi3.o)
 .text.libgcc   0x0000649a        0x0 C:/CodeBlocks/avr-gcc/bin/../lib/gcc/avr/13.2.0/avr5\libgcc.a(_umulhisi3.o)
 .text.libgcc.prologue
                0x0000649a        0x0 C:/CodeBlocks/avr-gcc/bin/../lib/gcc/avr/13.2.0/avr5\libgcc.a(_umulhisi3.o)
 .text.libgcc.builtins
                0x0000649a        0x0 C:/CodeBlocks/avr-gcc/bin/../lib/gcc/avr/13.2.0/avr5\libgcc.a(_umulhisi3.o)
 .text.libgcc.fmul
                0x0000649a        0x0 C:/CodeBlocks/avr-gcc/bin/../lib/gcc/avr/13.2.0/avr5\libgcc.a(_umulhisi3.o)
 .text.libgcc.fixed
                0x0000649a        0x0 C:/CodeBlocks/avr-gcc/bin/../lib/gcc/avr/13.2.0/avr5\libgcc.a(_umulhisi3.o)
 .text.avr-libc
                0x0000649a        0xa C:/CodeBlocks/avr-gcc/bin/../lib/gcc/avr/13.2.0/../../../../avr/lib/avr5\libc.a(strtok.o)
                0x0000649a                strtok
 .text.avr-libc
                0x000064a4       0x4e C:/CodeBlocks/avr-gcc/bin/../lib/gcc/avr/13.2.0/../../../../avr/lib/avr5\libc.a(strtok_r.o)
                0x000064a4                strtok_r
 .text.avr-libc
                0x000064f2      0x25a C:/CodeBlocks/avr-gcc/bin/../lib/gcc/avr/13.2.0/../../../../avr/lib/avr5\libc.a(malloc.o)
                0x000064f2                malloc
                0x00006624                free
 .text.avr-libc
                0x0000674c       0x12 C:/CodeBlocks/avr-gcc/bin/../lib/gcc/avr/13.2.0/../../../../avr/lib/avr5\libc.a(memcpy.o)
                0x0000674c                memcpy
 .text.avr-libc
                0x0000675e        0xe C:/CodeBlocks/avr-gcc/bin/../lib/gcc/avr/13.2.0/../../../../avr/lib/avr5\libc.a(memset.o)
                0x0000675e                memset
 .text.avr-libc
                0x0000676c       0x1e C:/CodeBlocks/avr-gcc/bin/../lib/gcc/avr/13.2.0/../../../../avr/lib/avr5\libc.a(strncpy.o)
                0x0000676c                strncpy
 .text.avr-libc
                0x0000678a       0x16 C:/CodeBlocks/avr-gcc/bin/../lib/gcc/avr/13.2.0/../../../../avr/lib/avr5\libc.a(strrchr.o)
                0x0000678a                strrchr
 .text.libgcc.mul
                0x000067a0        0x0 C:/CodeBlocks/avr-gcc/bin/../lib/gcc/avr/13.2.0/avr5\libgcc.a(_clear_bss.o)
 .text.libgcc.div
                0x000067a0        0x0 C:/CodeBlocks/avr-gcc/bin/../lib/gcc/avr/13.2.0/avr5\libgcc.a(_clear_bss.o)
 .text.libgcc   0x000067a0        0x0 C:/CodeBlocks/avr-gcc/bin/../lib/gcc/avr/13.2.0/avr5\libgcc.a(_clear_bss.o)
 .text.libgcc.prologue
                0x000067a0        0x0 C:/CodeBlocks/avr-gcc/bin/../lib/gcc/avr/13.2.0/avr5\libgcc.a(_clear_bss.o)
 .text.libgcc.builtins
                0x000067a0        0x0 C:/CodeBlocks/avr-gcc/bin/../lib/gcc/avr/13.2.0/avr5\libgcc.a(_clear_bss.o)
 .text.libgcc.fmul
                0x000067a0        0x0 C:/CodeBlocks/avr-gcc/bin/../lib/gcc/avr/13.2.0/avr5\libgcc.a(_clear_bss.o)
 .text.libgcc.fixed
                0x000067a0        0x0 C:/CodeBlocks/avr-gcc/bin/../lib/gcc/avr/13.2.0/avr5\libgcc.a(_clear_bss.o)
 .text.avr-libc.fplib
                0x000067a0        0xe C:/CodeBlocks/avr-gcc/bin/../lib/gcc/avr/13.2.0/../../../../avr/lib/avr5\libm.a(addsf3.o)
                0x000067a0                __subsf3
                0x000067a2                __addsf3
 .text.avr-libc.fplib
                0x000067ae       0xcc C:/CodeBlocks/avr-gcc/bin/../lib/gcc/avr/13.2.0/../../../../avr/lib/avr5\libm.a(addsf3x.o)
                0x000067d0                __addsf3x
 .text.avr-libc.fplib
                0x0000687a        0xc C:/CodeBlocks/avr-gcc/bin/../lib/gcc/avr/13.2.0/../../../../avr/lib/avr5\libm.a(fp_inf.o)
                0x0000687a                __fp_inf
 .text.avr-libc.fplib
                0x00006886        0x6 C:/CodeBlocks/avr-gcc/bin/../lib/gcc/avr/13.2.0/../../../../avr/lib/avr5\libm.a(fp_nan.o)
                0x00006886                __fp_nan
 .text.avr-libc.fplib
                0x0000688c        0xe C:/CodeBlocks/avr-gcc/bin/../lib/gcc/avr/13.2.0/../../../../avr/lib/avr5\libm.a(fp_pscA.o)
                0x0000688c                __fp_pscA
 .text.avr-libc.fplib
                0x0000689a        0xe C:/CodeBlocks/avr-gcc/bin/../lib/gcc/avr/13.2.0/../../../../avr/lib/avr5\libm.a(fp_pscB.o)
                0x0000689a                __fp_pscB
 .text.avr-libc.fplib
                0x000068a8       0x22 C:/CodeBlocks/avr-gcc/bin/../lib/gcc/avr/13.2.0/../../../../avr/lib/avr5\libm.a(fp_round.o)
                0x000068a8                __fp_round
 .text.avr-libc.fplib
                0x000068ca       0x44 C:/CodeBlocks/avr-gcc/bin/../lib/gcc/avr/13.2.0/../../../../avr/lib/avr5\libm.a(fp_split3.o)
                0x000068ca                __fp_split3
                0x000068da                __fp_splitA
 .text.avr-libc.fplib
                0x0000690e        0xe C:/CodeBlocks/avr-gcc/bin/../lib/gcc/avr/13.2.0/../../../../avr/lib/avr5\libm.a(fp_zero.o)
                0x0000690e                __fp_zero
                0x00006910                __fp_szero
                0x0000691c                        . = ALIGN (0x2)
 *(.fini9)
 .fini9         0x0000691c        0x0 C:/CodeBlocks/avr-gcc/bin/../lib/gcc/avr/13.2.0/avr5\libgcc.a(_exit.o)
                0x0000691c                _exit
                0x0000691c                exit
 *(.fini9)
 *(.fini8)
 *(.fini8)
 *(.fini7)
 *(.fini7)
 *(.fini6)
 *(.fini6)
 *(.fini5)
 *(.fini5)
 *(.fini4)
 *(.fini4)
 *(.fini3)
 *(.fini3)
 *(.fini2)
 *(.fini2)
 *(.fini1)
 *(.fini1)
 *(.fini0)
 .fini0         0x0000691c        0x4 C:/CodeBlocks/avr-gcc/bin/../lib/gcc/avr/13.2.0/avr5\libgcc.a(_exit.o)
 *(.fini0)
 *(.hightext)
 *(.hightext*)
 *(.progmemx.*)
                0x00006920                        . = ALIGN (0x2)
 *(.jumptables)
 *(.jumptables*)
 .jumptables.gcc.ExecuteFile
                0x00006920       0x4a C:\Users\SNIPER~1\AppData\Local\Temp\cc0fi169.ltrans0.ltrans.o
                0x0000696a                        _etext = .

.data           0x00800100      0x23e load address 0x0000696a
                0x00800100                        PROVIDE (__data_start = .)
 *(.data)
 .data          0x00800100        0x0 C:/CodeBlocks/avr-gcc/bin/../lib/gcc/avr/13.2.0/../../../../avr/lib/avr5/crtatmega644.o
 .data          0x00800100       0xe7 C:\Users\SNIPER~1\AppData\Local\Temp\cc0fi169.ltrans0.ltrans.o
 .data          0x008001e7        0x0 C:/CodeBlocks/avr-gcc/bin/../lib/gcc/avr/13.2.0/avr5\libgcc.a(_exit.o)
 .data          0x008001e7        0x0 C:/CodeBlocks/avr-gcc/bin/../lib/gcc/avr/13.2.0/avr5\libgcc.a(_mulsi3.o)
 .data          0x008001e7        0x0 C:/CodeBlocks/avr-gcc/bin/../lib/gcc/avr/13.2.0/avr5\libgcc.a(_udivmodqi4.o)
 .data          0x008001e7        0x0 C:/CodeBlocks/avr-gcc/bin/../lib/gcc/avr/13.2.0/avr5\libgcc.a(_udivmodsi4.o)
 .data          0x008001e7        0x0 C:/CodeBlocks/avr-gcc/bin/../lib/gcc/avr/13.2.0/avr5\libgcc.a(_tablejump2.o)
 .data          0x008001e7        0x0 C:/CodeBlocks/avr-gcc/bin/../lib/gcc/avr/13.2.0/avr5\libgcc.a(_copy_data.o)
 .data          0x008001e7        0x0 C:/CodeBlocks/avr-gcc/bin/../lib/gcc/avr/13.2.0/avr5\libgcc.a(_muluhisi3.o)
 .data          0x008001e7        0x0 C:/CodeBlocks/avr-gcc/bin/../lib/gcc/avr/13.2.0/avr5\libgcc.a(_adddi3_s8.o)
 .data          0x008001e7        0x0 C:/CodeBlocks/avr-gcc/bin/../lib/gcc/avr/13.2.0/avr5\libgcc.a(_umulhisi3.o)
 .data          0x008001e7        0x0 C:/CodeBlocks/avr-gcc/bin/../lib/gcc/avr/13.2.0/../../../../avr/lib/avr5\libc.a(strtok.o)
 .data          0x008001e7        0x0 C:/CodeBlocks/avr-gcc/bin/../lib/gcc/avr/13.2.0/../../../../avr/lib/avr5\libc.a(strtok_r.o)
 .data          0x008001e7        0x6 C:/CodeBlocks/avr-gcc/bin/../lib/gcc/avr/13.2.0/../../../../avr/lib/avr5\libc.a(malloc.o)
                0x008001e7                __malloc_heap_end
                0x008001e9                __malloc_heap_start
                0x008001eb                __malloc_margin
 .data          0x008001ed        0x0 C:/CodeBlocks/avr-gcc/bin/../lib/gcc/avr/13.2.0/../../../../avr/lib/avr5\libc.a(memcpy.o)
 .data          0x008001ed        0x0 C:/CodeBlocks/avr-gcc/bin/../lib/gcc/avr/13.2.0/../../../../avr/lib/avr5\libc.a(memset.o)
 .data          0x008001ed        0x0 C:/CodeBlocks/avr-gcc/bin/../lib/gcc/avr/13.2.0/../../../../avr/lib/avr5\libc.a(strncpy.o)
 .data          0x008001ed        0x0 C:/CodeBlocks/avr-gcc/bin/../lib/gcc/avr/13.2.0/../../../../avr/lib/avr5\libc.a(strrchr.o)
 .data          0x008001ed        0x0 C:/CodeBlocks/avr-gcc/bin/../lib/gcc/avr/13.2.0/avr5\libgcc.a(_clear_bss.o)
 .data          0x008001ed        0x0 C:/CodeBlocks/avr-gcc/bin/../lib/gcc/avr/13.2.0/../../../../avr/lib/avr5\libm.a(addsf3.o)
 .data          0x008001ed        0x0 C:/CodeBlocks/avr-gcc/bin/../lib/gcc/avr/13.2.0/../../../../avr/lib/avr5\libm.a(addsf3x.o)
 .data          0x008001ed        0x0 C:/CodeBlocks/avr-gcc/bin/../lib/gcc/avr/13.2.0/../../../../avr/lib/avr5\libm.a(fp_inf.o)
 .data          0x008001ed        0x0 C:/CodeBlocks/avr-gcc/bin/../lib/gcc/avr/13.2.0/../../../../avr/lib/avr5\libm.a(fp_nan.o)
 .data          0x008001ed        0x0 C:/CodeBlocks/avr-gcc/bin/../lib/gcc/avr/13.2.0/../../../../avr/lib/avr5\libm.a(fp_pscA.o)
 .data          0x008001ed        0x0 C:/CodeBlocks/avr-gcc/bin/../lib/gcc/avr/13.2.0/../../../../avr/lib/avr5\libm.a(fp_pscB.o)
 .data          0x008001ed        0x0 C:/CodeBlocks/avr-gcc/bin/../lib/gcc/avr/13.2.0/../../../../avr/lib/avr5\libm.a(fp_round.o)
 .data          0x008001ed        0x0 C:/CodeBlocks/avr-gcc/bin/../lib/gcc/avr/13.2.0/../../../../avr/lib/avr5\libm.a(fp_split3.o)
 .data          0x008001ed        0x0 C:/CodeBlocks/avr-gcc/bin/../lib/gcc/avr/13.2.0/../../../../avr/lib/avr5\libm.a(fp_zero.o)
 *(.data*)
 *(.gnu.linkonce.d*)
 *(.rodata)
 .rodata        0x008001ed       0xbe C:\Users\SNIPER~1\AppData\Local\Temp\cc0fi169.ltrans0.ltrans.o
 *(.rodata*)
 .rodata.str1.1
                0x008002ab       0x92 C:\Users\SNIPER~1\AppData\Local\Temp\cc0fi169.ltrans0.ltrans.o
 *(.gnu.linkonce.r*)
                0x0080033e                        . = ALIGN (0x2)
 *fill*         0x0080033d        0x1 
                0x0080033e                        _edata = .
                0x0080033e                        PROVIDE (__data_end = .)

.bss            0x0080033e      0x3b9
                0x0080033e                        PROVIDE (__bss_start = .)
 *(.bss)
 .bss           0x0080033e        0x0 C:/CodeBlocks/avr-gcc/bin/../lib/gcc/avr/13.2.0/../../../../avr/lib/avr5/crtatmega644.o
 .bss           0x0080033e      0x3b3 C:\Users\SNIPER~1\AppData\Local\Temp\cc0fi169.ltrans0.ltrans.o
 .bss           0x008006f1        0x0 C:/CodeBlocks/avr-gcc/bin/../lib/gcc/avr/13.2.0/avr5\libgcc.a(_exit.o)
 .bss           0x008006f1        0x0 C:/CodeBlocks/avr-gcc/bin/../lib/gcc/avr/13.2.0/avr5\libgcc.a(_mulsi3.o)
 .bss           0x008006f1        0x0 C:/CodeBlocks/avr-gcc/bin/../lib/gcc/avr/13.2.0/avr5\libgcc.a(_udivmodqi4.o)
 .bss           0x008006f1        0x0 C:/CodeBlocks/avr-gcc/bin/../lib/gcc/avr/13.2.0/avr5\libgcc.a(_udivmodsi4.o)
 .bss           0x008006f1        0x0 C:/CodeBlocks/avr-gcc/bin/../lib/gcc/avr/13.2.0/avr5\libgcc.a(_tablejump2.o)
 .bss           0x008006f1        0x0 C:/CodeBlocks/avr-gcc/bin/../lib/gcc/avr/13.2.0/avr5\libgcc.a(_copy_data.o)
 .bss           0x008006f1        0x0 C:/CodeBlocks/avr-gcc/bin/../lib/gcc/avr/13.2.0/avr5\libgcc.a(_muluhisi3.o)
 .bss           0x008006f1        0x0 C:/CodeBlocks/avr-gcc/bin/../lib/gcc/avr/13.2.0/avr5\libgcc.a(_adddi3_s8.o)
 .bss           0x008006f1        0x0 C:/CodeBlocks/avr-gcc/bin/../lib/gcc/avr/13.2.0/avr5\libgcc.a(_umulhisi3.o)
 .bss           0x008006f1        0x2 C:/CodeBlocks/avr-gcc/bin/../lib/gcc/avr/13.2.0/../../../../avr/lib/avr5\libc.a(strtok.o)
 .bss           0x008006f3        0x0 C:/CodeBlocks/avr-gcc/bin/../lib/gcc/avr/13.2.0/../../../../avr/lib/avr5\libc.a(strtok_r.o)
 .bss           0x008006f3        0x4 C:/CodeBlocks/avr-gcc/bin/../lib/gcc/avr/13.2.0/../../../../avr/lib/avr5\libc.a(malloc.o)
                0x008006f3                __flp
                0x008006f5                __brkval
 .bss           0x008006f7        0x0 C:/CodeBlocks/avr-gcc/bin/../lib/gcc/avr/13.2.0/../../../../avr/lib/avr5\libc.a(memcpy.o)
 .bss           0x008006f7        0x0 C:/CodeBlocks/avr-gcc/bin/../lib/gcc/avr/13.2.0/../../../../avr/lib/avr5\libc.a(memset.o)
 .bss           0x008006f7        0x0 C:/CodeBlocks/avr-gcc/bin/../lib/gcc/avr/13.2.0/../../../../avr/lib/avr5\libc.a(strncpy.o)
 .bss           0x008006f7        0x0 C:/CodeBlocks/avr-gcc/bin/../lib/gcc/avr/13.2.0/../../../../avr/lib/avr5\libc.a(strrchr.o)
 .bss           0x008006f7        0x0 C:/CodeBlocks/avr-gcc/bin/../lib/gcc/avr/13.2.0/avr5\libgcc.a(_clear_bss.o)
 .bss           0x008006f7        0x0 C:/CodeBlocks/avr-gcc/bin/../lib/gcc/avr/13.2.0/../../../../avr/lib/avr5\libm.a(addsf3.o)
 .bss           0x008006f7        0x0 C:/CodeBlocks/avr-gcc/bin/../lib/gcc/avr/13.2.0/../../../../avr/lib/avr5\libm.a(addsf3x.o)
 .bss           0x008006f7        0x0 C:/CodeBlocks/avr-gcc/bin/../lib/gcc/avr/13.2.0/../../../../avr/lib/avr5\libm.a(fp_inf.o)
 .bss           0x008006f7        0x0 C:/CodeBlocks/avr-gcc/bin/../lib/gcc/avr/13.2.0/../../../../avr/lib/avr5\libm.a(fp_nan.o)
 .bss           0x008006f7        0x0 C:/CodeBlocks/avr-gcc/bin/../lib/gcc/avr/13.2.0/../../../../avr/lib/avr5\libm.a(fp_pscA.o)
 .bss           0x008006f7        0x0 C:/CodeBlocks/avr-gcc/bin/../lib/gcc/avr/13.2.0/../../../../avr/lib/avr5\libm.a(fp_pscB.o)
 .bss           0x008006f7        0x0 C:/CodeBlocks/avr-gcc/bin/../lib/gcc/avr/13.2.0/../../../../avr/lib/avr5\libm.a(fp_round.o)
 .bss           0x008006f7        0x0 C:/CodeBlocks/avr-gcc/bin/../lib/gcc/avr/13.2.0/../../../../avr/lib/avr5\libm.a(fp_split3.o)
 .bss           0x008006f7        0x0 C:/CodeBlocks/avr-gcc/bin/../lib/gcc/avr/13.2.0/../../../../avr/lib/avr5\libm.a(fp_zero.o)
 *(.bss*)
 *(COMMON)
                0x008006f7                        PROVIDE (__bss_end = .)
                0x0000696a                        __data_load_start = LOADADDR (.data)
                0x00006ba8                        __data_load_end = (__data_load_start + SIZEOF (.data))

.noinit         0x008006f7        0x0
                [!provide]                        PROVIDE (__noinit_start = .)
 *(.noinit .noinit.* .gnu.linkonce.n.*)
                [!provide]                        PROVIDE (__noinit_end = .)
                0x008006f7                        _end = .
                0x008006f7                        PROVIDE (__heap_start = .)

.eeprom         0x00810000        0x0
 *(.eeprom*)
                0x00810000                        __eeprom_end = .

.fuse
 *(.fuse)
 *(.lfuse)
 *(.hfuse)
 *(.efuse)

.lock
 *(.lock*)

.signature
 *(.signature*)

.stab
 *(.stab)

.stabstr
 *(.stabstr)

.stab.excl
 *(.stab.excl)

.stab.exclstr
 *(.stab.exclstr)

.stab.index
 *(.stab.index)

.stab.indexstr
 *(.stab.indexstr)

.comment        0x00000000       0x12
 *(.comment)
 .comment       0x00000000       0x13 C:\Users\SNIPER~1\AppData\Local\Temp\cc0fi169.ltrans0.ltrans.o
 .comment       0x00000000       0x12 C:/CodeBlocks/avr-gcc/bin/../lib/gcc/avr/13.2.0/../../../../avr/lib/avr5\libc.a(strtok.o)
                                 0x13 (size before relaxing)
 .comment       0x00000012       0x13 C:/CodeBlocks/avr-gcc/bin/../lib/gcc/avr/13.2.0/../../../../avr/lib/avr5\libc.a(malloc.o)

.note.gnu.avr.deviceinfo
                0x00000000       0x3c
 .note.gnu.avr.deviceinfo
                0x00000000       0x3c C:/CodeBlocks/avr-gcc/bin/../lib/gcc/avr/13.2.0/../../../../avr/lib/avr5/crtatmega644.o

.gnu.build.attributes
 *(.gnu.build.attributes .gnu.build.attributes.*)

.note.gnu.build-id
 *(.note.gnu.build-id)

.debug
 *(.debug)

.line
 *(.line)

.debug_srcinfo
 *(.debug_srcinfo)

.debug_sfnames
 *(.debug_sfnames)

.debug_aranges
 *(.debug_aranges)

.debug_pubnames
 *(.debug_pubnames)

.debug_info
 *(.debug_info .gnu.linkonce.wi.*)

.debug_abbrev
 *(.debug_abbrev)

.debug_line
 *(.debug_line .debug_line.* .debug_line_end)

.debug_frame
 *(.debug_frame)

.debug_str
 *(.debug_str)

.debug_loc
 *(.debug_loc)

.debug_macinfo
 *(.debug_macinfo)

.debug_weaknames
 *(.debug_weaknames)

.debug_funcnames
 *(.debug_funcnames)

.debug_typenames
 *(.debug_typenames)

.debug_varnames
 *(.debug_varnames)

.debug_pubtypes
 *(.debug_pubtypes)

.debug_ranges
 *(.debug_ranges)

.debug_addr
 *(.debug_addr)

.debug_line_str
 *(.debug_line_str)

.debug_loclists
 *(.debug_loclists)

.debug_macro
 *(.debug_macro)

.debug_names
 *(.debug_names)

.debug_rnglists
 *(.debug_rnglists)

.debug_str_offsets
 *(.debug_str_offsets)

.debug_sup
 *(.debug_sup)
OUTPUT(bin\AVR-KERNEL.elf elf32-avr)
LOAD linker stubs

Cross Reference Table

Symbol                                            File
AllocateExternalMemory                            obj\kernel\kalloc.o (symbol from plugin)
                                                  obj\kernel\main.o (symbol from plugin)
AssembleJoin                                      obj\kernel\emulation\x4\utill.o (symbol from plugin)
BitSet                                            obj\kernel\cstring.o (symbol from plugin)
CommandRegistry                                   obj\kernel\command\cli.o (symbol from plugin)
                                                  obj\kernel\command\command.o (symbol from plugin)
ConsoleClearKeyboardString                        obj\kernel\command\cli.o (symbol from plugin)
                                                  obj\kernel\command\command.o (symbol from plugin)
ConsoleClearScreen                                obj\kernel\command\cli.o (symbol from plugin)
                                                  obj\kernel\throw.o (symbol from plugin)
                                                  obj\kernel\network\server.o (symbol from plugin)
                                                  obj\kernel\emulation\x4\services.o (symbol from plugin)
                                                  obj\kernel\command\ftp\ftp.o (symbol from plugin)
                                                  obj\kernel\command\cls\cls.o (symbol from plugin)
ConsoleCursorDisable                              obj\kernel\command\cli.o (symbol from plugin)
                                                  obj\kernel\throw.o (symbol from plugin)
                                                  obj\kernel\kalloc.o (symbol from plugin)
                                                  obj\kernel\command\ftp\ftp.o (symbol from plugin)
                                                  obj\kernel\command\format\format.o (symbol from plugin)
ConsoleCursorEnable                               obj\kernel\command\cli.o (symbol from plugin)
                                                  obj\kernel\command\format\format.o (symbol from plugin)
ConsoleGetCursorLine                              obj\kernel\command\cli.o (symbol from plugin)
ConsoleGetCursorPosition                          obj\kernel\command\cli.o (symbol from plugin)
                                                  obj\kernel\emulation\x4\services.o (symbol from plugin)
ConsoleGetDisplayHeight                           obj\kernel\command\cli.o (symbol from plugin)
ConsoleGetDisplayWidth                            obj\kernel\command\cli.o (symbol from plugin)
                                                  obj\kernel\emulation\x4\services.o (symbol from plugin)
ConsoleGetLastChar                                obj\kernel\command\cli.o (symbol from plugin)
                                                  obj\kernel\command\shell.o (symbol from plugin)
ConsoleGetParameter                               obj\kernel\command\parse.o (symbol from plugin)
                                                  obj\kernel\command\format\format.o (symbol from plugin)
ConsoleGetRawChar                                 obj\kernel\command\cli.o (symbol from plugin)
ConsolePrintKeyboardString                        obj\kernel\command\cli.o (symbol from plugin)
ConsoleRegisterCommand                            obj\kernel\command\cli.o (symbol from plugin)
                                                  obj\kernel\command\type\type.o (symbol from plugin)
                                                  obj\kernel\command\test\test.o (symbol from plugin)
                                                  obj\kernel\command\task\task.o (symbol from plugin)
                                                  obj\kernel\command\rn\rn.o (symbol from plugin)
                                                  obj\kernel\command\rm\rm.o (symbol from plugin)
                                                  obj\kernel\command\repair\repair.o (symbol from plugin)
                                                  obj\kernel\command\net\net.o (symbol from plugin)
                                                  obj\kernel\command\mkdir\mkdir.o (symbol from plugin)
                                                  obj\kernel\command\mk\mk.o (symbol from plugin)
                                                  obj\kernel\command\mem\mem.o (symbol from plugin)
                                                  obj\kernel\command\mandelbrot\mandelbrot.o (symbol from plugin)
                                                  obj\kernel\command\ls\ls.o (symbol from plugin)
                                                  obj\kernel\command\list\list.o (symbol from plugin)
                                                  obj\kernel\command\ld\ld.o (symbol from plugin)
                                                  obj\kernel\command\graph\graph.o (symbol from plugin)
                                                  obj\kernel\command\ftp\ftp.o (symbol from plugin)
                                                  obj\kernel\command\format\format.o (symbol from plugin)
                                                  obj\kernel\command\edit\edit.o (symbol from plugin)
                                                  obj\kernel\command\copy\copy.o (symbol from plugin)
                                                  obj\kernel\command\cls\cls.o (symbol from plugin)
                                                  obj\kernel\command\cd\cd.o (symbol from plugin)
                                                  obj\kernel\command\cap\cap.o (symbol from plugin)
                                                  obj\kernel\command\boot\boot.o (symbol from plugin)
                                                  obj\kernel\command\attrib\attrib.o (symbol from plugin)
                                                  obj\kernel\command\asm\asm.o (symbol from plugin)
ConsoleSetBlinkRate                               obj\kernel\command\cli.o (symbol from plugin)
                                                  obj\kernel\version.o (symbol from plugin)
                                                  obj\kernel\network\server.o (symbol from plugin)
ConsoleSetCursor                                  obj\kernel\command\cli.o (symbol from plugin)
                                                  obj\kernel\throw.o (symbol from plugin)
                                                  obj\kernel\syscalls\print\print.o (symbol from plugin)
                                                  obj\kernel\network\server.o (symbol from plugin)
                                                  obj\kernel\kalloc.o (symbol from plugin)
                                                  obj\kernel\emulation\x4\services.o (symbol from plugin)
                                                  obj\kernel\command\ftp\ftp.o (symbol from plugin)
                                                  obj\kernel\command\cls\cls.o (symbol from plugin)
ConsoleSetCursorPosition                          obj\kernel\command\cli.o (symbol from plugin)
                                                  obj\kernel\syscalls\print\print.o (symbol from plugin)
                                                  obj\kernel\command\shell.o (symbol from plugin)
                                                  obj\kernel\command\format\format.o (symbol from plugin)
                                                  obj\kernel\command\command.o (symbol from plugin)
ConsoleSetDisplayHeight                           obj\kernel\command\cli.o (symbol from plugin)
ConsoleSetDisplayWidth                            obj\kernel\command\cli.o (symbol from plugin)
ConsoleSetPath                                    obj\kernel\command\parse.o (symbol from plugin)
                                                  obj\kernel\command\cd\cd.o (symbol from plugin)
ConsoleSetPrompt                                  obj\kernel\command\cli.o (symbol from plugin)
                                                  obj\kernel\kernel.o (symbol from plugin)
                                                  obj\kernel\command\parse.o (symbol from plugin)
                                                  obj\kernel\command\command.o (symbol from plugin)
                                                  obj\kernel\command\cd\cd.o (symbol from plugin)
ConsoleWait                                       obj\kernel\command\cli.o (symbol from plugin)
                                                  obj\kernel\syscalls\print\print.o (symbol from plugin)
                                                  obj\kernel\command\format\format.o (symbol from plugin)
DeviceBusyWait                                    obj\kernel\device\device.o (symbol from plugin)
                                                  obj\kernel\syscalls\graphics\graphics.o (symbol from plugin)
DeviceTableHead                                   obj\kernel\device\device.o (symbol from plugin)
DisableGlobalInterrupts                           obj\kernel\interrupt.o (symbol from plugin)
                                                  obj\kernel\main.o (symbol from plugin)
DriverTableHead                                   obj\kernel\driver\driver.o (symbol from plugin)
DropDeviceDrivers                                 obj\kernel\command\boot\boot.o (symbol from plugin)
DropFileSystemFunc                                obj\kernel\command\boot\boot.o (symbol from plugin)
EmulateX4                                         obj\kernel\emulation\x4\x4.o (symbol from plugin)
                                                  obj\kernel\command\command.o (symbol from plugin)
EmulatorSetParameters                             obj\kernel\emulation\x4\x4.o (symbol from plugin)
                                                  obj\kernel\command\command.o (symbol from plugin)
EmulatorSetProgram                                obj\kernel\emulation\x4\x4.o (symbol from plugin)
                                                  obj\kernel\command\command.o (symbol from plugin)
EnableGlobalInterrupts                            obj\kernel\interrupt.o (symbol from plugin)
                                                  obj\kernel\scheduler.o (symbol from plugin)
                                                  obj\kernel\main.o (symbol from plugin)
                                                  obj\kernel\command\graph\graph.o (symbol from plugin)
EnvironmentGetHomeChar                            obj\kernel\command\environment.o (symbol from plugin)
                                                  obj\kernel\command\command.o (symbol from plugin)
EnvironmentGetPathBin                             obj\kernel\command\environment.o (symbol from plugin)
                                                  obj\kernel\command\command.o (symbol from plugin)
EnvironmentGetPathBinLength                       obj\kernel\command\environment.o (symbol from plugin)
                                                  obj\kernel\command\command.o (symbol from plugin)
EnvironmentSetHomeChar                            obj\kernel\command\environment.o (symbol from plugin)
                                                  obj\kernel\kernel.o (symbol from plugin)
EnvironmentSetPathBin                             obj\kernel\command\environment.o (symbol from plugin)
                                                  obj\kernel\kernel.o (symbol from plugin)
ExecuteBinDirectory                               obj\kernel\command\command.o (symbol from plugin)
ExecuteFile                                       obj\kernel\command\command.o (symbol from plugin)
FindNextAvailableMemoryRange                      obj\kernel\scheduler.o (symbol from plugin)
GetDeviceByIndex                                  obj\kernel\device\device.o (symbol from plugin)
                                                  obj\kernel\kernel.o (symbol from plugin)
                                                  obj\kernel\driver\driver.o (symbol from plugin)
GetDriverByIndex                                  obj\kernel\driver\driver.o (symbol from plugin)
                                                  obj\kernel\device\device.o (symbol from plugin)
GetDriverByName                                   obj\kernel\driver\driver.o (symbol from plugin)
                                                  obj\kernel\network\network.o (symbol from plugin)
                                                  obj\kernel\command\test\test.o (symbol from plugin)
                                                  obj\kernel\command\cli.o (symbol from plugin)
                                                  obj\drivers\keyboard\PS2\main.o (symbol from plugin)
GetNumberOfDevices                                obj\kernel\device\device.o (symbol from plugin)
                                                  obj\kernel\kernel.o (symbol from plugin)
                                                  obj\kernel\driver\driver.o (symbol from plugin)
GetNumberOfDrivers                                obj\kernel\driver\driver.o (symbol from plugin)
                                                  obj\kernel\device\device.o (symbol from plugin)
GetProcInfo                                       obj\kernel\scheduler.o (symbol from plugin)
ISC_DisplayRoutine                                obj\kernel\emulation\x4\services.o (symbol from plugin)
                                                  obj\kernel\emulation\x4\x4.o (symbol from plugin)
ISC_FileSystemRoutine                             obj\kernel\emulation\x4\services.o (symbol from plugin)
                                                  obj\kernel\emulation\x4\x4.o (symbol from plugin)
ISC_NetworkRoutine                                obj\kernel\emulation\x4\services.o (symbol from plugin)
                                                  obj\kernel\emulation\x4\x4.o (symbol from plugin)
ISC_OperatingSystem                               obj\kernel\emulation\x4\services.o (symbol from plugin)
                                                  obj\kernel\emulation\x4\x4.o (symbol from plugin)
InitBakedDrivers                                  obj\kernel\drivers.o (symbol from plugin)
                                                  obj\kernel\main.o (symbol from plugin)
InitiateDeviceTable                               obj\kernel\device\device.o (symbol from plugin)
                                                  obj\kernel\main.o (symbol from plugin)
InitiateRouter                                    obj\kernel\network\router.o (symbol from plugin)
InitiateServer                                    obj\kernel\network\server.o (symbol from plugin)
InterruptStartHardware                            obj\kernel\interrupt.o (symbol from plugin)
                                                  obj\kernel\main.o (symbol from plugin)
InterruptStartScheduler                           obj\kernel\interrupt.o (symbol from plugin)
                                                  obj\kernel\main.o (symbol from plugin)
InterruptStartTimeCounter                         obj\kernel\interrupt.o (symbol from plugin)
                                                  obj\kernel\main.o (symbol from plugin)
InterruptStopHardware                             obj\kernel\interrupt.o (symbol from plugin)
InterruptStopScheduler                            obj\kernel\interrupt.o (symbol from plugin)
InterruptStopTimerCounter                         obj\kernel\interrupt.o (symbol from plugin)
KernelVectorTableInit                             obj\kernel\kernel.o (symbol from plugin)
                                                  obj\kernel\main.o (symbol from plugin)
KeyFunctionBackspace                              obj\kernel\command\shell.o (symbol from plugin)
KeyFunctionPrintChar                              obj\kernel\command\shell.o (symbol from plugin)
KeyFunctionReturn                                 obj\kernel\command\command.o (symbol from plugin)
                                                  obj\kernel\command\shell.o (symbol from plugin)
ListAddNode                                       obj\kernel\list.o (symbol from plugin)
                                                  obj\kernel\scheduler.o (symbol from plugin)
                                                  obj\kernel\driver\driver.o (symbol from plugin)
                                                  obj\kernel\device\device.o (symbol from plugin)
ListCreateNode                                    obj\kernel\list.o (symbol from plugin)
ListDelete                                        obj\kernel\list.o (symbol from plugin)
ListDirectory                                     obj\kernel\command\ls\ls.o (symbol from plugin)
ListFile                                          obj\kernel\command\ls\ls.o (symbol from plugin)
ListGetNode                                       obj\kernel\list.o (symbol from plugin)
                                                  obj\kernel\scheduler.o (symbol from plugin)
                                                  obj\kernel\driver\driver.o (symbol from plugin)
                                                  obj\kernel\device\device.o (symbol from plugin)
ListGetSize                                       obj\kernel\list.o (symbol from plugin)
                                                  obj\kernel\scheduler.o (symbol from plugin)
                                                  obj\kernel\driver\driver.o (symbol from plugin)
                                                  obj\kernel\device\device.o (symbol from plugin)
ListRemoveNode                                    obj\kernel\list.o (symbol from plugin)
                                                  obj\kernel\scheduler.o (symbol from plugin)
LoadLibrary                                       obj\kernel\driver\driver.o (symbol from plugin)
                                                  obj\kernel\kernel.o (symbol from plugin)
                                                  obj\kernel\emulation\x4\services.o (symbol from plugin)
                                                  obj\kernel\command\ld\ld.o (symbol from plugin)
MutexLock                                         obj\kernel\mutex.o (symbol from plugin)
                                                  obj\kernel\scheduler.o (symbol from plugin)
MutexUnlock                                       obj\kernel\mutex.o (symbol from plugin)
                                                  obj\kernel\scheduler.o (symbol from plugin)
PathBin                                           obj\kernel\command\environment.o (symbol from plugin)
PathBinLength                                     obj\kernel\command\environment.o (symbol from plugin)
PathHome                                          obj\kernel\command\environment.o (symbol from plugin)
ProcessNodeTable                                  obj\kernel\scheduler.o (symbol from plugin)
RegisterDriver                                    obj\kernel\driver\driver.o (symbol from plugin)
                                                  obj\drivers\keyboard\PS2\main.o (symbol from plugin)
                                                  obj\drivers\display\LiquidCrystalDisplayController\main.o (symbol from plugin)
SchedulerStart                                    obj\kernel\scheduler.o (symbol from plugin)
                                                  obj\kernel\main.o (symbol from plugin)
SchedulerStop                                     obj\kernel\scheduler.o (symbol from plugin)
SetHardwareInterruptService                       obj\kernel\interrupt.o (symbol from plugin)
                                                  obj\kernel\main.o (symbol from plugin)
SetInterruptService                               obj\kernel\interrupt.o (symbol from plugin)
                                                  obj\kernel\scheduler.o (symbol from plugin)
SetInterruptVector                                obj\kernel\kernel.o (symbol from plugin)
StringCompare                                     obj\kernel\cstring.o (symbol from plugin)
                                                  obj\kernel\scheduler.o (symbol from plugin)
                                                  obj\kernel\kernel.o (symbol from plugin)
                                                  obj\kernel\fs\basefs\fsFileExists.o (symbol from plugin)
                                                  obj\kernel\fs\basefs\fsDirectoryExists.o (symbol from plugin)
                                                  obj\kernel\driver\driver.o (symbol from plugin)
                                                  obj\kernel\device\device.o (symbol from plugin)
                                                  obj\kernel\command\command.o (symbol from plugin)
StringFindChar                                    obj\kernel\cstring.o (symbol from plugin)
                                                  obj\kernel\command\command.o (symbol from plugin)
StringSplit                                       obj\kernel\cstring.o (symbol from plugin)
                                                  obj\kernel\command\copy\copy.o (symbol from plugin)
TaskCreate                                        obj\kernel\scheduler.o (symbol from plugin)
TaskDestroy                                       obj\kernel\scheduler.o (symbol from plugin)
                                                  obj\kernel\command\task\task.o (symbol from plugin)
TaskFind                                          obj\kernel\scheduler.o (symbol from plugin)
                                                  obj\kernel\command\task\task.o (symbol from plugin)
VirtualAccessGetMode                              obj\kernel\virtual\virtual.o (symbol from plugin)
                                                  obj\kernel\syscalls\alloc\new.o (symbol from plugin)
                                                  obj\kernel\scheduler.o (symbol from plugin)
VirtualAccessSetMode                              obj\kernel\virtual\virtual.o (symbol from plugin)
                                                  obj\kernel\syscalls\alloc\new.o (symbol from plugin)
                                                  obj\kernel\scheduler.o (symbol from plugin)
                                                  obj\kernel\kernel.o (symbol from plugin)
                                                  obj\kernel\emulation\x4\x4.o (symbol from plugin)
VirtualBegin                                      obj\kernel\virtual\virtual.o (symbol from plugin)
                                                  obj\kernel\syscalls\alloc\new.o (symbol from plugin)
                                                  obj\kernel\scheduler.o (symbol from plugin)
VirtualEnd                                        obj\kernel\virtual\virtual.o (symbol from plugin)
                                                  obj\kernel\syscalls\alloc\new.o (symbol from plugin)
                                                  obj\kernel\scheduler.o (symbol from plugin)
VirtualRead                                       obj\kernel\virtual\virtual.o (symbol from plugin)
                                                  obj\kernel\string.o (symbol from plugin)
                                                  obj\kernel\array.o (symbol from plugin)
VirtualWrite                                      obj\kernel\virtual\virtual.o (symbol from plugin)
                                                  obj\kernel\string.o (symbol from plugin)
                                                  obj\kernel\array.o (symbol from plugin)
_ISR_SCHEDULER_MAIN__                             obj\kernel\scheduler.o (symbol from plugin)
_ISR_SCHEDULER_TIMER__                            obj\kernel\scheduler.o (symbol from plugin)
_ISR_hardware_service_routine                     obj\kernel\kernel.o (symbol from plugin)
                                                  obj\kernel\main.o (symbol from plugin)
_Z12functionTestPhh                               obj\kernel\command\test\test.o (symbol from plugin)
_ZN5array12updateBufferEmh                        obj\kernel\array.o (symbol from plugin)
_ZN5array3getEm                                   obj\kernel\array.o (symbol from plugin)
_ZN5array3setEmh                                  obj\kernel\array.o (symbol from plugin)
_ZN5array4sizeEv                                  obj\kernel\array.o (symbol from plugin)
_ZN5array5emptyEv                                 obj\kernel\array.o (symbol from plugin)
_ZN5array6resizeEm                                obj\kernel\array.o (symbol from plugin)
_ZN5array7reserveEm                               obj\kernel\array.o (symbol from plugin)
_ZN5array8max_sizeEv                              obj\kernel\array.o (symbol from plugin)
_ZN5array9push_backEh                             obj\kernel\array.o (symbol from plugin)
_ZN5arrayC1ERKS_                                  obj\kernel\array.o (symbol from plugin)
_ZN5arrayC1Em                                     obj\kernel\array.o (symbol from plugin)
_ZN5arrayC1Ev                                     obj\kernel\array.o (symbol from plugin)
_ZN5arrayC2ERKS_                                  obj\kernel\array.o (symbol from plugin)
_ZN5arrayC2Em                                     obj\kernel\array.o (symbol from plugin)
_ZN5arrayC2Ev                                     obj\kernel\array.o (symbol from plugin)
_ZN5arrayD1Ev                                     obj\kernel\array.o (symbol from plugin)
_ZN5arrayD2Ev                                     obj\kernel\array.o (symbol from plugin)
_ZN5arrayixEj                                     obj\kernel\array.o (symbol from plugin)
_ZN6string13mUpdateBufferEmh                      obj\kernel\string.o (symbol from plugin)
_ZN6string3getEm                                  obj\kernel\string.o (symbol from plugin)
_ZN6string3setEmh                                 obj\kernel\string.o (symbol from plugin)
_ZN6string5emptyEv                                obj\kernel\string.o (symbol from plugin)
_ZN6string6insertEmPKc                            obj\kernel\string.o (symbol from plugin)
_ZN6string6insertEmS_                             obj\kernel\string.o (symbol from plugin)
_ZN6string6insertEmh                              obj\kernel\string.o (symbol from plugin)
_ZN6string6removeEPKc                             obj\kernel\string.o (symbol from plugin)
_ZN6string6removeERKS_                            obj\kernel\string.o (symbol from plugin)
_ZN6string6removeEm                               obj\kernel\string.o (symbol from plugin)
_ZN6string6resizeEm                               obj\kernel\string.o (symbol from plugin)
_ZN6string7replaceEPKcS1_                         obj\kernel\string.o (symbol from plugin)
_ZN6string7replaceERKS_S1_                        obj\kernel\string.o (symbol from plugin)
_ZN6string7reserveEm                              obj\kernel\string.o (symbol from plugin)
_ZN6string8max_sizeEv                             obj\kernel\string.o (symbol from plugin)
_ZN6stringC1EPKc                                  obj\kernel\string.o (symbol from plugin)
_ZN6stringC1ERKS_                                 obj\kernel\string.o (symbol from plugin)
_ZN6stringC1Em                                    obj\kernel\string.o (symbol from plugin)
_ZN6stringC1Ev                                    obj\kernel\string.o (symbol from plugin)
_ZN6stringC2EPKc                                  obj\kernel\string.o (symbol from plugin)
_ZN6stringC2ERKS_                                 obj\kernel\string.o (symbol from plugin)
_ZN6stringC2Em                                    obj\kernel\string.o (symbol from plugin)
_ZN6stringC2Ev                                    obj\kernel\string.o (symbol from plugin)
_ZN6stringD1Ev                                    obj\kernel\string.o (symbol from plugin)
_ZN6stringD2Ev                                    obj\kernel\string.o (symbol from plugin)
_ZN6stringixEj                                    obj\kernel\string.o (symbol from plugin)
_ZNK5array10readBufferEm                          obj\kernel\array.o (symbol from plugin)
_ZNK5arrayixEj                                    obj\kernel\array.o (symbol from plugin)
_ZNK6string11mReadBufferEm                        obj\kernel\string.o (symbol from plugin)
_ZNK6string4findEPKc                              obj\kernel\string.o (symbol from plugin)
_ZNK6string4findERKS_                             obj\kernel\string.o (symbol from plugin)
_ZNK6string4sizeEv                                obj\kernel\string.o (symbol from plugin)
_ZNK6stringixEj                                   obj\kernel\string.o (symbol from plugin)
__FUSE_REGION_LENGTH__                            C:/CodeBlocks/avr-gcc/bin/../lib/gcc/avr/13.2.0/../../../../avr/lib/avr5/crtatmega644.o
__adddi3_s8                                       C:/CodeBlocks/avr-gcc/bin/../lib/gcc/avr/13.2.0/avr5\libgcc.a(_adddi3_s8.o)
                                                  C:\Users\SNIPER~1\AppData\Local\Temp\cc0fi169.ltrans0.ltrans.o
__addsf3                                          C:/CodeBlocks/avr-gcc/bin/../lib/gcc/avr/13.2.0/../../../../avr/lib/avr5\libm.a(addsf3.o)
                                                  C:\Users\SNIPER~1\AppData\Local\Temp\cc0fi169.ltrans0.ltrans.o
__addsf3x                                         C:/CodeBlocks/avr-gcc/bin/../lib/gcc/avr/13.2.0/../../../../avr/lib/avr5\libm.a(addsf3x.o)
                                                  C:/CodeBlocks/avr-gcc/bin/../lib/gcc/avr/13.2.0/../../../../avr/lib/avr5\libm.a(addsf3.o)
__bad_interrupt                                   C:/CodeBlocks/avr-gcc/bin/../lib/gcc/avr/13.2.0/../../../../avr/lib/avr5/crtatmega644.o
__brkval                                          C:/CodeBlocks/avr-gcc/bin/../lib/gcc/avr/13.2.0/../../../../avr/lib/avr5\libc.a(malloc.o)
__bss_end                                         C:/CodeBlocks/avr-gcc/bin/../lib/gcc/avr/13.2.0/avr5\libgcc.a(_clear_bss.o)
__bss_start                                       C:/CodeBlocks/avr-gcc/bin/../lib/gcc/avr/13.2.0/avr5\libgcc.a(_clear_bss.o)
__data_end                                        C:/CodeBlocks/avr-gcc/bin/../lib/gcc/avr/13.2.0/avr5\libgcc.a(_copy_data.o)
__data_load_start                                 C:/CodeBlocks/avr-gcc/bin/../lib/gcc/avr/13.2.0/avr5\libgcc.a(_copy_data.o)
__data_start                                      C:/CodeBlocks/avr-gcc/bin/../lib/gcc/avr/13.2.0/avr5\libgcc.a(_copy_data.o)
__delete__                                        obj\kernel\syscalls\alloc\new.o (symbol from plugin)
                                                  obj\kernel\string.o (symbol from plugin)
                                                  obj\kernel\array.o (symbol from plugin)
__do_clear_bss                                    C:/CodeBlocks/avr-gcc/bin/../lib/gcc/avr/13.2.0/avr5\libgcc.a(_clear_bss.o)
                                                  C:/CodeBlocks/avr-gcc/bin/../lib/gcc/avr/13.2.0/../../../../avr/lib/avr5\libc.a(malloc.o)
                                                  C:\Users\SNIPER~1\AppData\Local\Temp\cc0fi169.ltrans0.ltrans.o
                                                  C:/CodeBlocks/avr-gcc/bin/../lib/gcc/avr/13.2.0/../../../../avr/lib/avr5\libc.a(strtok.o)
__do_copy_data                                    C:/CodeBlocks/avr-gcc/bin/../lib/gcc/avr/13.2.0/avr5\libgcc.a(_copy_data.o)
                                                  C:/CodeBlocks/avr-gcc/bin/../lib/gcc/avr/13.2.0/../../../../avr/lib/avr5\libc.a(malloc.o)
                                                  C:\Users\SNIPER~1\AppData\Local\Temp\cc0fi169.ltrans0.ltrans.o
__flp                                             C:/CodeBlocks/avr-gcc/bin/../lib/gcc/avr/13.2.0/../../../../avr/lib/avr5\libc.a(malloc.o)
__fp_inf                                          C:/CodeBlocks/avr-gcc/bin/../lib/gcc/avr/13.2.0/../../../../avr/lib/avr5\libm.a(fp_inf.o)
                                                  C:/CodeBlocks/avr-gcc/bin/../lib/gcc/avr/13.2.0/../../../../avr/lib/avr5\libm.a(addsf3x.o)
__fp_nan                                          C:/CodeBlocks/avr-gcc/bin/../lib/gcc/avr/13.2.0/../../../../avr/lib/avr5\libm.a(fp_nan.o)
                                                  C:/CodeBlocks/avr-gcc/bin/../lib/gcc/avr/13.2.0/../../../../avr/lib/avr5\libm.a(addsf3x.o)
__fp_pscA                                         C:/CodeBlocks/avr-gcc/bin/../lib/gcc/avr/13.2.0/../../../../avr/lib/avr5\libm.a(fp_pscA.o)
                                                  C:/CodeBlocks/avr-gcc/bin/../lib/gcc/avr/13.2.0/../../../../avr/lib/avr5\libm.a(addsf3x.o)
__fp_pscB                                         C:/CodeBlocks/avr-gcc/bin/../lib/gcc/avr/13.2.0/../../../../avr/lib/avr5\libm.a(fp_pscB.o)
                                                  C:/CodeBlocks/avr-gcc/bin/../lib/gcc/avr/13.2.0/../../../../avr/lib/avr5\libm.a(addsf3x.o)
__fp_round                                        C:/CodeBlocks/avr-gcc/bin/../lib/gcc/avr/13.2.0/../../../../avr/lib/avr5\libm.a(fp_round.o)
                                                  C:/CodeBlocks/avr-gcc/bin/../lib/gcc/avr/13.2.0/../../../../avr/lib/avr5\libm.a(addsf3.o)
__fp_split3                                       C:/CodeBlocks/avr-gcc/bin/../lib/gcc/avr/13.2.0/../../../../avr/lib/avr5\libm.a(fp_split3.o)
                                                  C:/CodeBlocks/avr-gcc/bin/../lib/gcc/avr/13.2.0/../../../../avr/lib/avr5\libm.a(addsf3x.o)
__fp_splitA                                       C:/CodeBlocks/avr-gcc/bin/../lib/gcc/avr/13.2.0/../../../../avr/lib/avr5\libm.a(fp_split3.o)
__fp_szero                                        C:/CodeBlocks/avr-gcc/bin/../lib/gcc/avr/13.2.0/../../../../avr/lib/avr5\libm.a(fp_zero.o)
__fp_zero                                         C:/CodeBlocks/avr-gcc/bin/../lib/gcc/avr/13.2.0/../../../../avr/lib/avr5\libm.a(fp_zero.o)
                                                  C:/CodeBlocks/avr-gcc/bin/../lib/gcc/avr/13.2.0/../../../../avr/lib/avr5\libm.a(addsf3x.o)
__fs_read_byte                                    obj\kernel\fs\basefs\fsDevice.o (symbol from plugin)
__fs_write_byte                                   obj\kernel\fs\basefs\fsDevice.o (symbol from plugin)
__glBusyWait                                      obj\kernel\syscalls\graphics\graphics.o (symbol from plugin)
                                                  obj\kernel\syscalls\print\print.o (symbol from plugin)
                                                  obj\kernel\command\cli.o (symbol from plugin)
__heap_begin__                                    obj\kernel\virtual\virtual.o (symbol from plugin)
                                                  obj\kernel\syscalls\alloc\new.o (symbol from plugin)
                                                  obj\kernel\scheduler.o (symbol from plugin)
                                                  obj\kernel\emulation\x4\x4.o (symbol from plugin)
__heap_end                                        C:/CodeBlocks/avr-gcc/bin/../lib/gcc/avr/13.2.0/../../../../avr/lib/avr5/crtatmega644.o
                                                  C:/CodeBlocks/avr-gcc/bin/../lib/gcc/avr/13.2.0/../../../../avr/lib/avr5\libc.a(malloc.o)
__heap_end__                                      obj\kernel\virtual\virtual.o (symbol from plugin)
                                                  obj\kernel\syscalls\alloc\new.o (symbol from plugin)
                                                  obj\kernel\scheduler.o (symbol from plugin)
                                                  obj\kernel\emulation\x4\x4.o (symbol from plugin)
__heap_start                                      C:/CodeBlocks/avr-gcc/bin/../lib/gcc/avr/13.2.0/../../../../avr/lib/avr5\libc.a(malloc.o)
__init                                            C:/CodeBlocks/avr-gcc/bin/../lib/gcc/avr/13.2.0/../../../../avr/lib/avr5/crtatmega644.o
__malloc_heap_end                                 C:/CodeBlocks/avr-gcc/bin/../lib/gcc/avr/13.2.0/../../../../avr/lib/avr5\libc.a(malloc.o)
__malloc_heap_start                               C:/CodeBlocks/avr-gcc/bin/../lib/gcc/avr/13.2.0/../../../../avr/lib/avr5\libc.a(malloc.o)
__malloc_margin                                   C:/CodeBlocks/avr-gcc/bin/../lib/gcc/avr/13.2.0/../../../../avr/lib/avr5\libc.a(malloc.o)
__mulsi3                                          C:/CodeBlocks/avr-gcc/bin/../lib/gcc/avr/13.2.0/avr5\libgcc.a(_mulsi3.o)
                                                  C:\Users\SNIPER~1\AppData\Local\Temp\cc0fi169.ltrans0.ltrans.o
__muluhisi3                                       C:/CodeBlocks/avr-gcc/bin/../lib/gcc/avr/13.2.0/avr5\libgcc.a(_muluhisi3.o)
                                                  C:/CodeBlocks/avr-gcc/bin/../lib/gcc/avr/13.2.0/avr5\libgcc.a(_mulsi3.o)
__new__                                           obj\kernel\syscalls\alloc\new.o (symbol from plugin)
                                                  obj\kernel\string.o (symbol from plugin)
                                                  obj\kernel\array.o (symbol from plugin)
__read_display_device                             obj\drivers\display\LiquidCrystalDisplayController\main.o (symbol from plugin)
__read_network_device                             obj\kernel\network\network.o (symbol from plugin)
__read_ps2_device                                 obj\drivers\keyboard\PS2\main.o (symbol from plugin)
__stack                                           C:/CodeBlocks/avr-gcc/bin/../lib/gcc/avr/13.2.0/../../../../avr/lib/avr5/crtatmega644.o
__subsf3                                          C:/CodeBlocks/avr-gcc/bin/../lib/gcc/avr/13.2.0/../../../../avr/lib/avr5\libm.a(addsf3.o)
__tablejump2__                                    C:/CodeBlocks/avr-gcc/bin/../lib/gcc/avr/13.2.0/avr5\libgcc.a(_tablejump2.o)
                                                  C:\Users\SNIPER~1\AppData\Local\Temp\cc0fi169.ltrans0.ltrans.o
__udivmodqi4                                      C:/CodeBlocks/avr-gcc/bin/../lib/gcc/avr/13.2.0/avr5\libgcc.a(_udivmodqi4.o)
                                                  C:\Users\SNIPER~1\AppData\Local\Temp\cc0fi169.ltrans0.ltrans.o
__udivmodsi4                                      C:/CodeBlocks/avr-gcc/bin/../lib/gcc/avr/13.2.0/avr5\libgcc.a(_udivmodsi4.o)
                                                  C:\Users\SNIPER~1\AppData\Local\Temp\cc0fi169.ltrans0.ltrans.o
__umulhisi3                                       C:/CodeBlocks/avr-gcc/bin/../lib/gcc/avr/13.2.0/avr5\libgcc.a(_umulhisi3.o)
                                                  C:/CodeBlocks/avr-gcc/bin/../lib/gcc/avr/13.2.0/avr5\libgcc.a(_muluhisi3.o)
__vector_1                                        C:/CodeBlocks/avr-gcc/bin/../lib/gcc/avr/13.2.0/../../../../avr/lib/avr5/crtatmega644.o
__vector_10                                       C:/CodeBlocks/avr-gcc/bin/../lib/gcc/avr/13.2.0/../../../../avr/lib/avr5/crtatmega644.o
__vector_11                                       C:/CodeBlocks/avr-gcc/bin/../lib/gcc/avr/13.2.0/../../../../avr/lib/avr5/crtatmega644.o
__vector_12                                       C:/CodeBlocks/avr-gcc/bin/../lib/gcc/avr/13.2.0/../../../../avr/lib/avr5/crtatmega644.o
__vector_13                                       C:\Users\SNIPER~1\AppData\Local\Temp\cc0fi169.ltrans0.ltrans.o
                                                  obj\kernel\interrupt.o (symbol from plugin)
                                                  C:/CodeBlocks/avr-gcc/bin/../lib/gcc/avr/13.2.0/../../../../avr/lib/avr5/crtatmega644.o
__vector_14                                       C:/CodeBlocks/avr-gcc/bin/../lib/gcc/avr/13.2.0/../../../../avr/lib/avr5/crtatmega644.o
__vector_15                                       C:/CodeBlocks/avr-gcc/bin/../lib/gcc/avr/13.2.0/../../../../avr/lib/avr5/crtatmega644.o
__vector_16                                       C:\Users\SNIPER~1\AppData\Local\Temp\cc0fi169.ltrans0.ltrans.o
                                                  obj\kernel\interrupt.o (symbol from plugin)
                                                  C:/CodeBlocks/avr-gcc/bin/../lib/gcc/avr/13.2.0/../../../../avr/lib/avr5/crtatmega644.o
__vector_17                                       C:/CodeBlocks/avr-gcc/bin/../lib/gcc/avr/13.2.0/../../../../avr/lib/avr5/crtatmega644.o
__vector_18                                       C:/CodeBlocks/avr-gcc/bin/../lib/gcc/avr/13.2.0/../../../../avr/lib/avr5/crtatmega644.o
__vector_19                                       C:/CodeBlocks/avr-gcc/bin/../lib/gcc/avr/13.2.0/../../../../avr/lib/avr5/crtatmega644.o
__vector_2                                        C:/CodeBlocks/avr-gcc/bin/../lib/gcc/avr/13.2.0/../../../../avr/lib/avr5/crtatmega644.o
__vector_20                                       C:/CodeBlocks/avr-gcc/bin/../lib/gcc/avr/13.2.0/../../../../avr/lib/avr5/crtatmega644.o
__vector_21                                       C:/CodeBlocks/avr-gcc/bin/../lib/gcc/avr/13.2.0/../../../../avr/lib/avr5/crtatmega644.o
__vector_22                                       C:/CodeBlocks/avr-gcc/bin/../lib/gcc/avr/13.2.0/../../../../avr/lib/avr5/crtatmega644.o
__vector_23                                       C:/CodeBlocks/avr-gcc/bin/../lib/gcc/avr/13.2.0/../../../../avr/lib/avr5/crtatmega644.o
__vector_24                                       C:/CodeBlocks/avr-gcc/bin/../lib/gcc/avr/13.2.0/../../../../avr/lib/avr5/crtatmega644.o
__vector_25                                       C:/CodeBlocks/avr-gcc/bin/../lib/gcc/avr/13.2.0/../../../../avr/lib/avr5/crtatmega644.o
__vector_26                                       C:/CodeBlocks/avr-gcc/bin/../lib/gcc/avr/13.2.0/../../../../avr/lib/avr5/crtatmega644.o
__vector_27                                       C:/CodeBlocks/avr-gcc/bin/../lib/gcc/avr/13.2.0/../../../../avr/lib/avr5/crtatmega644.o
__vector_3                                        C:\Users\SNIPER~1\AppData\Local\Temp\cc0fi169.ltrans0.ltrans.o
                                                  obj\kernel\interrupt.o (symbol from plugin)
                                                  C:/CodeBlocks/avr-gcc/bin/../lib/gcc/avr/13.2.0/../../../../avr/lib/avr5/crtatmega644.o
__vector_4                                        C:/CodeBlocks/avr-gcc/bin/../lib/gcc/avr/13.2.0/../../../../avr/lib/avr5/crtatmega644.o
__vector_5                                        C:/CodeBlocks/avr-gcc/bin/../lib/gcc/avr/13.2.0/../../../../avr/lib/avr5/crtatmega644.o
__vector_6                                        C:/CodeBlocks/avr-gcc/bin/../lib/gcc/avr/13.2.0/../../../../avr/lib/avr5/crtatmega644.o
__vector_7                                        C:/CodeBlocks/avr-gcc/bin/../lib/gcc/avr/13.2.0/../../../../avr/lib/avr5/crtatmega644.o
__vector_8                                        C:/CodeBlocks/avr-gcc/bin/../lib/gcc/avr/13.2.0/../../../../avr/lib/avr5/crtatmega644.o
__vector_9                                        C:\Users\SNIPER~1\AppData\Local\Temp\cc0fi169.ltrans0.ltrans.o
                                                  obj\kernel\interrupt.o (symbol from plugin)
                                                  C:/CodeBlocks/avr-gcc/bin/../lib/gcc/avr/13.2.0/../../../../avr/lib/avr5/crtatmega644.o
__vector_default                                  C:/CodeBlocks/avr-gcc/bin/../lib/gcc/avr/13.2.0/../../../../avr/lib/avr5/crtatmega644.o
__vectors                                         C:/CodeBlocks/avr-gcc/bin/../lib/gcc/avr/13.2.0/../../../../avr/lib/avr5/crtatmega644.o
__virtual_address_begin__                         obj\kernel\virtual\virtual.o (symbol from plugin)
                                                  obj\kernel\syscalls\alloc\new.o (symbol from plugin)
                                                  obj\kernel\fs\basefs\fsAllocate.o (symbol from plugin)
                                                  obj\kernel\emulation\x4\x4.o (symbol from plugin)
__virtual_address_end__                           obj\kernel\virtual\virtual.o (symbol from plugin)
                                                  obj\kernel\syscalls\alloc\new.o (symbol from plugin)
                                                  obj\kernel\fs\basefs\fsAllocate.o (symbol from plugin)
                                                  obj\kernel\emulation\x4\x4.o (symbol from plugin)
__write_display_device                            obj\drivers\display\LiquidCrystalDisplayController\main.o (symbol from plugin)
__write_network_device                            obj\kernel\network\network.o (symbol from plugin)
__write_ps2_device                                obj\drivers\keyboard\PS2\main.o (symbol from plugin)
_exit                                             C:/CodeBlocks/avr-gcc/bin/../lib/gcc/avr/13.2.0/avr5\libgcc.a(_exit.o)
_external_int_ptr__                               obj\kernel\interrupt.o (symbol from plugin)
_timer_comp_a_ptr__                               obj\kernel\interrupt.o (symbol from plugin)
_timer_comp_b_ptr__                               obj\kernel\interrupt.o (symbol from plugin)
_timer_comp_c_ptr__                               obj\kernel\interrupt.o (symbol from plugin)
beep                                              obj\kernel\syscalls\beep\beep.o (symbol from plugin)
bit_clear                                         obj\kernel\cstring.o (symbol from plugin)
bit_get                                           obj\kernel\cstring.o (symbol from plugin)
                                                  obj\kernel\scheduler.o (symbol from plugin)
bit_set                                           obj\kernel\cstring.o (symbol from plugin)
                                                  obj\kernel\scheduler.o (symbol from plugin)
buffer                                            obj\kernel\command\mandelbrot\mandelbrot.o (symbol from plugin)
bus_address_zero                                  obj\kernel\bus\Retroboard_REV2\bus.o (symbol from plugin)
bus_control_zero                                  obj\kernel\bus\Retroboard_REV2\bus.o (symbol from plugin)
bus_flush_cache                                   obj\kernel\bus\Retroboard_REV2\bus.o (symbol from plugin)
bus_initiate                                      obj\kernel\bus\Retroboard_REV2\bus.o (symbol from plugin)
                                                  obj\kernel\main.o (symbol from plugin)
bus_raw_read_memory                               obj\kernel\bus\Retroboard_REV2\bus.o (symbol from plugin)
                                                  obj\kernel\kalloc.o (symbol from plugin)
                                                  obj\kernel\fs\basefs\fsDevice.o (symbol from plugin)
bus_raw_write_memory                              obj\kernel\bus\Retroboard_REV2\bus.o (symbol from plugin)
                                                  obj\kernel\kalloc.o (symbol from plugin)
                                                  obj\kernel\fs\basefs\fsDevice.o (symbol from plugin)
bus_read_byte                                     obj\kernel\bus\Retroboard_REV2\bus.o (symbol from plugin)
                                                  obj\kernel\network\network.o (symbol from plugin)
                                                  obj\kernel\kernel.o (symbol from plugin)
                                                  obj\kernel\fs\basefs\fsDevice.o (symbol from plugin)
                                                  obj\kernel\driver\driver.o (symbol from plugin)
                                                  obj\kernel\device\device.o (symbol from plugin)
                                                  obj\kernel\command\test\test.o (symbol from plugin)
                                                  obj\drivers\keyboard\PS2\main.o (symbol from plugin)
                                                  obj\drivers\display\LiquidCrystalDisplayController\main.o (symbol from plugin)
bus_read_memory                                   obj\kernel\bus\Retroboard_REV2\bus.o (symbol from plugin)
                                                  obj\kernel\fs\basefs\fsDevice.o (symbol from plugin)
                                                  obj\kernel\emulation\x4\x4.o (symbol from plugin)
                                                  obj\kernel\driver\driver.o (symbol from plugin)
bus_write_byte                                    obj\kernel\bus\Retroboard_REV2\bus.o (symbol from plugin)
                                                  obj\kernel\syscalls\beep\beep.o (symbol from plugin)
                                                  obj\kernel\network\network.o (symbol from plugin)
                                                  obj\kernel\driver\driver.o (symbol from plugin)
                                                  obj\drivers\keyboard\PS2\main.o (symbol from plugin)
                                                  obj\drivers\display\LiquidCrystalDisplayController\main.o (symbol from plugin)
bus_write_byte_eeprom                             obj\kernel\bus\Retroboard_REV2\bus.o (symbol from plugin)
                                                  obj\kernel\fs\basefs\fsDevice.o (symbol from plugin)
bus_write_memory                                  obj\kernel\bus\Retroboard_REV2\bus.o (symbol from plugin)
                                                  obj\kernel\fs\basefs\fsDevice.o (symbol from plugin)
                                                  obj\kernel\emulation\x4\x4.o (symbol from plugin)
                                                  obj\kernel\driver\driver.o (symbol from plugin)
cache                                             obj\kernel\bus\Retroboard_REV2\bus.o (symbol from plugin)
cache_begin                                       obj\kernel\bus\Retroboard_REV2\bus.o (symbol from plugin)
cache_end                                         obj\kernel\bus\Retroboard_REV2\bus.o (symbol from plugin)
cliInit                                           obj\kernel\command\cli.o (symbol from plugin)
                                                  obj\kernel\main.o (symbol from plugin)
cliRunShell                                       obj\kernel\command\shell.o (symbol from plugin)
                                                  obj\kernel\main.o (symbol from plugin)
clientAddress                                     obj\kernel\command\net\net.o (symbol from plugin)
commandFunctionLookup                             obj\kernel\command\command.o (symbol from plugin)
commandSpecialChar                                obj\kernel\command\command.o (symbol from plugin)
console_height                                    obj\kernel\command\cli.o (symbol from plugin)
console_line                                      obj\kernel\command\cli.o (symbol from plugin)
                                                  obj\kernel\syscalls\print\print.o (symbol from plugin)
                                                  obj\kernel\command\shell.o (symbol from plugin)
console_position                                  obj\kernel\command\cli.o (symbol from plugin)
                                                  obj\kernel\syscalls\print\print.o (symbol from plugin)
                                                  obj\kernel\command\shell.o (symbol from plugin)
console_prompt                                    obj\kernel\command\cli.o (symbol from plugin)
                                                  obj\kernel\syscalls\print\print.o (symbol from plugin)
console_prompt_length                             obj\kernel\command\cli.o (symbol from plugin)
                                                  obj\kernel\syscalls\print\print.o (symbol from plugin)
console_string                                    obj\kernel\command\cli.o (symbol from plugin)
                                                  obj\kernel\command\shell.o (symbol from plugin)
                                                  obj\kernel\command\parse.o (symbol from plugin)
                                                  obj\kernel\command\command.o (symbol from plugin)
console_string_length                             obj\kernel\command\cli.o (symbol from plugin)
                                                  obj\kernel\command\shell.o (symbol from plugin)
                                                  obj\kernel\command\command.o (symbol from plugin)
console_string_length_old                         obj\kernel\command\cli.o (symbol from plugin)
                                                  obj\kernel\command\command.o (symbol from plugin)
console_string_old                                obj\kernel\command\cli.o (symbol from plugin)
                                                  obj\kernel\command\command.o (symbol from plugin)
console_width                                     obj\kernel\command\cli.o (symbol from plugin)
currentDevice                                     obj\kernel\virtual\virtual.o (symbol from plugin)
currentDeviceLetter                               obj\kernel\command\command.o (symbol from plugin)
currentWorkingDirectoryAddress                    obj\kernel\command\command.o (symbol from plugin)
currentWorkingDirectoryStack                      obj\kernel\command\command.o (symbol from plugin)
cursor_blink_rate                                 obj\kernel\command\cli.o (symbol from plugin)
deviceBus                                         obj\kernel\device\device.o (symbol from plugin)
dirProcAddress                                    obj\kernel\kernel.o (symbol from plugin)
                                                  obj\kernel\scheduler.o (symbol from plugin)
dirty_bits                                        obj\kernel\bus\Retroboard_REV2\bus.o (symbol from plugin)
displayColumbs                                    obj\kernel\command\cli.o (symbol from plugin)
                                                  obj\kernel\command\shell.o (symbol from plugin)
displayDevice                                     obj\kernel\command\cli.o (symbol from plugin)
                                                  obj\kernel\syscalls\print\print.o (symbol from plugin)
                                                  obj\kernel\syscalls\graphics\graphics.o (symbol from plugin)
                                                  obj\kernel\command\shell.o (symbol from plugin)
                                                  obj\kernel\command\mandelbrot\mandelbrot.o (symbol from plugin)
displayDeviceDriver                               obj\drivers\display\LiquidCrystalDisplayController\main.o (symbol from plugin)
displayDriver                                     obj\drivers\display\LiquidCrystalDisplayController\main.o (symbol from plugin)
displayRows                                       obj\kernel\command\cli.o (symbol from plugin)
                                                  obj\kernel\syscalls\print\print.o (symbol from plugin)
display_height                                    obj\kernel\command\cli.o (symbol from plugin)
display_width                                     obj\kernel\command\cli.o (symbol from plugin)
dummyFunction                                     obj\kernel\interrupt.o (symbol from plugin)
exit                                              C:/CodeBlocks/avr-gcc/bin/../lib/gcc/avr/13.2.0/avr5\libgcc.a(_exit.o)
                                                  C:/CodeBlocks/avr-gcc/bin/../lib/gcc/avr/13.2.0/../../../../avr/lib/avr5/crtatmega644.o
fileBeginAddress                                  obj\kernel\fs\basefs\fsFileIO.o (symbol from plugin)
fileCopySourceCurrentDevice                       obj\kernel\command\copy\copy.o (symbol from plugin)
fileCopySourceName                                obj\kernel\command\copy\copy.o (symbol from plugin)
fileCopySourceNameLength                          obj\kernel\command\copy\copy.o (symbol from plugin)
fileCopySourceSize                                obj\kernel\command\copy\copy.o (symbol from plugin)
fileCopySourceWorkingDir                          obj\kernel\command\copy\copy.o (symbol from plugin)
fileCopySourceWorkingDirLength                    obj\kernel\command\copy\copy.o (symbol from plugin)
fileFindIndex                                     obj\kernel\fs\basefs\fsFileFind.o (symbol from plugin)
fileSize                                          obj\kernel\fs\basefs\fsFileIO.o (symbol from plugin)
flagProcActive                                    obj\kernel\scheduler.o (symbol from plugin)
flag_compare                                      obj\kernel\emulation\x4\x4.o (symbol from plugin)
flag_consoleDirty                                 obj\kernel\emulation\x4\x4.o (symbol from plugin)